 rpm

 Timestamp is 572660d8 (Sun May  1 22:02:32 2016)

 Preferred load address is 0000000180000000

 Start         Length     Name                   Class
 0001:00000000 000001dbH .text                   CODE
 0001:000001e0 00000017H .text$di                CODE
 0001:00000200 000123acH .text$mn                CODE
 0001:000125b0 00000012H .text$mn$00             CODE
 0001:000125d0 00000270H .text$x                 CODE
 0001:00012840 00000003H .text$yd                CODE
 0002:00000000 00000298H .idata$5                DATA
 0002:00000298 00000010H .00cfg                  DATA
 0002:000002a8 00000008H .CRT$XCA                DATA
 0002:000002b0 00000010H .CRT$XCU                DATA
 0002:000002c0 00000008H .CRT$XCZ                DATA
 0002:000002c8 00000008H .CRT$XIA                DATA
 0002:000002d0 00000018H .CRT$XIC                DATA
 0002:000002e8 00000008H .CRT$XIZ                DATA
 0002:000002f0 00000008H .CRT$XPA                DATA
 0002:000002f8 00000010H .CRT$XPX                DATA
 0002:00000308 00000008H .CRT$XPXA               DATA
 0002:00000310 00000008H .CRT$XPZ                DATA
 0002:00000318 00000008H .CRT$XTA                DATA
 0002:00000320 00000008H .CRT$XTZ                DATA
 0002:00000330 00008584H .rdata                  DATA
 0002:000088b8 000001f4H .rdata$r                DATA
 0002:00008ab0 00000010H .rdata$zETW0            DATA
 0002:00008ac0 00000077H .rdata$zETW1            DATA
 0002:00008b37 0000002cH .rdata$zETW2            DATA
 0002:00008b63 00000001H .rdata$zETW9            DATA
 0002:00008b64 0000046cH .rdata$zzzdbg           DATA
 0002:00008fd0 00000008H .rtc$IAA                DATA
 0002:00008fd8 00000008H .rtc$IZZ                DATA
 0002:00008fe0 00000008H .rtc$TAA                DATA
 0002:00008fe8 00000008H .rtc$TZZ                DATA
 0002:00008ff0 00000e7cH .xdata                  DATA
 0002:00009e70 000000ecH .xdata$x                DATA
 0002:00009f5c 00000020H .didat$2                DATA
 0002:00009f7c 00000020H .didat$3                DATA
 0002:00009fa0 00000118H .didat$4                DATA
 0002:0000a0b8 000008b4H .didat$6                DATA
 0002:0000a970 00000118H .didat$7                DATA
 0002:0000aa90 0000004aH .edata                  DATA
 0002:0000aadc 00000028H .idata$2                DATA
 0002:0000ab04 00000014H .idata$3                DATA
 0002:0000ab18 00000298H .idata$4                DATA
 0002:0000adb0 00000622H .idata$6                DATA
 0003:00000000 000009c8H .data                   DATA
 0003:000009c8 000000a0H .data$r                 DATA
 0003:00000a68 00000118H .didat$5                DATA
 0003:00000b80 000010f8H .bss                    DATA
 0004:00000000 0000126cH .pdata                  DATA
 0005:00000000 00000080H .gfids$x                DATA
 0005:00000080 00000038H .gfids$y                DATA
 0006:00000000 00000058H .rsrc$01                DATA
 0006:00000060 00000180H .rsrc$02                DATA

  Address         Publics by Value              Rva+Base               Lib:Object

 0000:00000000       __guard_iat_table          0000000000000000     <absolute>
 0000:00000000       __guard_iat_count          0000000000000000     <absolute>
 0000:00000000       __guard_longjmp_table      0000000000000000     <absolute>
 0000:00000000       __guard_longjmp_count      0000000000000000     <absolute>
 0000:00000000       __guard_fids_count         0000000000000000     <absolute>
 0000:00000000       ___safe_se_handler_table   0000000000000000     <absolute>
 0000:00000000       ___safe_se_handler_count   0000000000000000     <absolute>
 0000:00000000       __guard_fids_table         0000000000000000     <absolute>
 0000:00000100       __guard_flags              0000000000000100     <absolute>
 0000:00000000       __ImageBase                0000000180000000     <linker-defined>
 0001:00000000       ?TraceLoggingRegister@__vcrt_trace_logging_provider@@YAJPEBU_TlgProvider_t@1@PEBU_GUID@@P6AX1KE_K2PEAU_EVENT_FILTER_DESCRIPTOR@@PEAX@Z4@Z 0000000180001000 f i libvcruntime:telemetry.obj
 0001:0000007c       ?_TlgEnableCallback@__vcrt_trace_logging_provider@@YAXPEBU_GUID@@KE_K1PEAU_EVENT_FILTER_DESCRIPTOR@@PEAX@Z 000000018000107c f i libvcruntime:telemetry.obj
 0001:00000140       ?_TlgWrite@__vcrt_trace_logging_provider@@YAJPEBU_TlgProvider_t@1@PEFBXPEBU_GUID@@2IPEAU_EVENT_DATA_DESCRIPTOR@@@Z 0000000180001140 f i libvcruntime:telemetry.obj
 0001:00000200       ?GetProcessByName@@YAXAEBV?$FunctionCallbackInfo@VValue@v8@@@v8@@@Z 0000000180001200 f   addon.obj
 0001:00000440       ?InitAll@@YAXV?$Local@VObject@v8@@@v8@@@Z 0000000180001440 f   addon.obj
 0001:00000470       ??$NODE_SET_METHOD@V?$Local@VObject@v8@@@v8@@@node@@YAXAEBV?$Local@VObject@v8@@@v8@@PEBDP6AXAEBV?$FunctionCallbackInfo@VValue@v8@@@2@@Z@Z 0000000180001470 f i addon.obj
 0001:00000530       ?NODE_SET_PROTOTYPE_METHOD@node@@YAXV?$Local@VFunctionTemplate@v8@@@v8@@PEBDP6AXAEBV?$FunctionCallbackInfo@VValue@v8@@@3@@Z@Z 0000000180001530 f i process.obj
 0001:00000650       ?Wrap@ObjectWrap@node@@IEAAXV?$Local@VObject@v8@@@v8@@@Z 0000000180001650 f i process.obj
 0001:00000720       ?Ref@ObjectWrap@node@@MEAAXXZ 0000000180001720 f i process.obj
 0001:00000760       ?Unref@ObjectWrap@node@@MEAAXXZ 0000000180001760 f i process.obj
 0001:00000810       ?WeakCallback@ObjectWrap@node@@CAXAEBV?$WeakCallbackData@VObject@v8@@VObjectWrap@node@@@v8@@@Z 0000000180001810 f i process.obj
 0001:00000920       ??_GObjectWrap@node@@UEAAPEAXI@Z 0000000180001920 f i process.obj
 0001:00000920       ??_EObjectWrap@node@@UEAAPEAXI@Z 0000000180001920 f i * CIL library *:* CIL module *
 0001:000009b0       ?EnableDebugPrivileges@@YAHXZ 00000001800019b0 f   process.obj
 0001:00000a80       ??_EProcess@@EEAAPEAXI@Z   0000000180001a80 f i * CIL library *:* CIL module *
 0001:00000a80       ??_GProcess@@EEAAPEAXI@Z   0000000180001a80 f i process.obj
 0001:00000b10       ?Init@Process@@SAXV?$Local@VObject@v8@@@v8@@@Z 0000000180001b10 f   process.obj
 0001:00000c70       ?New@Process@@CAXAEBV?$FunctionCallbackInfo@VValue@v8@@@v8@@@Z 0000000180001c70 f   process.obj
 0001:00000df0       ?Open@Process@@CAXAEBV?$FunctionCallbackInfo@VValue@v8@@@v8@@@Z 0000000180001df0 f   process.obj
 0001:00000f00       ?Read@Process@@CAXAEBV?$FunctionCallbackInfo@VValue@v8@@@v8@@@Z 0000000180001f00 f   process.obj
 0001:00001180       ?Close@Process@@CAXAEBV?$FunctionCallbackInfo@VValue@v8@@@v8@@@Z 0000000180002180 f   process.obj
 0001:00001230       ??$Unwrap@VProcess@@@ObjectWrap@node@@SAPEAVProcess@@V?$Local@VObject@v8@@@v8@@@Z 0000000180002230 f i process.obj
 0001:000012fc       __imp_load_?ThrowException@Isolate@v8@@QEAA?AV?$Local@VValue@v8@@@2@V32@@Z 00000001800022fc f   node:node.exe
 0001:00001308       __tailMerge_node_exe       0000000180002308 f i node:node.exe
 0001:00001381       __imp_load_?GetCurrent@Isolate@v8@@SAPEAV12@XZ 0000000180002381 f   node:node.exe
 0001:0000138d       __imp_load_??1HandleScope@v8@@QEAA@XZ 000000018000238d f   node:node.exe
 0001:00001399       __imp_load_??0HandleScope@v8@@QEAA@PEAVIsolate@1@@Z 0000000180002399 f   node:node.exe
 0001:000013a5       __imp_load_?TypeError@Exception@v8@@SA?AV?$Local@VValue@v8@@@2@V?$Local@VString@v8@@@2@@Z 00000001800023a5 f   node:node.exe
 0001:000013b1       __imp_load_?GetFunction@FunctionTemplate@v8@@QEAA?AV?$Local@VFunction@v8@@@2@XZ 00000001800023b1 f   node:node.exe
 0001:000013bd       __imp_load_?New@FunctionTemplate@v8@@SA?AV?$Local@VFunctionTemplate@v8@@@2@PEAVIsolate@2@P6AXAEBV?$FunctionCallbackInfo@VValue@v8@@@2@@ZV?$Local@VValue@v8@@@2@V?$Local@VSignature@v8@@@2@H@Z 00000001800023bd f   node:node.exe
 0001:000013c9       __imp_load_??1Utf8Value@String@v8@@QEAA@XZ 00000001800023c9 f   node:node.exe
 0001:000013d5       __imp_load_??0Utf8Value@String@v8@@QEAA@V?$Local@VValue@v8@@@2@@Z 00000001800023d5 f   node:node.exe
 0001:000013e1       __imp_load_?NewFromUtf8@String@v8@@SA?AV?$Local@VString@v8@@@2@PEAVIsolate@2@PEBDW4NewStringType@12@H@Z 00000001800023e1 f   node:node.exe
 0001:000013ed       __imp_load_?New@Number@v8@@SA?AV?$Local@VNumber@v8@@@2@PEAVIsolate@2@N@Z 00000001800023ed f   node:node.exe
 0001:000013f9       __imp_load_?Set@Object@v8@@QEAA_NV?$Local@VValue@v8@@@2@0@Z 00000001800023f9 f   node:node.exe
 0001:00001405       __imp_load_?SetName@Function@v8@@QEAAXV?$Local@VString@v8@@@2@@Z 0000000180002405 f   node:node.exe
 0001:00001411       __imp_load_node_module_register 0000000180002411 f   node:node.exe
 0001:0000141d       __imp_load_?ToString@Value@v8@@QEBA?AV?$Local@VString@v8@@@2@XZ 000000018000241d f   node:node.exe
 0001:00001429       __imp_load_?New@Signature@v8@@SA?AV?$Local@VSignature@v8@@@2@PEAVIsolate@2@V?$Local@VFunctionTemplate@v8@@@2@@Z 0000000180002429 f   node:node.exe
 0001:00001435       __imp_load_?CreateHandle@HandleScope@v8@@KAPEAPEAVObject@internal@2@PEAVIsolate@42@PEAV342@@Z 0000000180002435 f   node:node.exe
 0001:00001441       __imp_load_?Set@Template@v8@@QEAAXV?$Local@VName@v8@@@2@V?$Local@VData@v8@@@2@W4PropertyAttribute@2@@Z 0000000180002441 f   node:node.exe
 0001:0000144d       __imp_load_?SetClassName@FunctionTemplate@v8@@QEAAXV?$Local@VString@v8@@@2@@Z 000000018000244d f   node:node.exe
 0001:00001459       __imp_load_?PrototypeTemplate@FunctionTemplate@v8@@QEAA?AV?$Local@VObjectTemplate@v8@@@2@XZ 0000000180002459 f   node:node.exe
 0001:00001465       __imp_load_?InstanceTemplate@FunctionTemplate@v8@@QEAA?AV?$Local@VObjectTemplate@v8@@@2@XZ 0000000180002465 f   node:node.exe
 0001:00001471       __imp_load_?ClearWeak@V8@v8@@CAPEAXPEAPEAVObject@internal@2@@Z 0000000180002471 f   node:node.exe
 0001:0000147d       __imp_load_?MakeWeak@V8@v8@@CAXPEAPEAVObject@internal@2@PEAXP6AXAEBV?$WeakCallbackData@VValue@v8@@X@2@@Z@Z 000000018000247d f   node:node.exe
 0001:00001489       __imp_load_?DisposeGlobal@V8@v8@@CAXPEAPEAVObject@internal@2@@Z 0000000180002489 f   node:node.exe
 0001:00001495       __imp_load_?GlobalizeReference@V8@v8@@CAPEAPEAVObject@internal@2@PEAVIsolate@42@PEAPEAV342@@Z 0000000180002495 f   node:node.exe
 0001:000014a1       __imp_load_?NumberValue@Value@v8@@QEBANXZ 00000001800024a1 f   node:node.exe
 0001:000014ad       __imp_load_?IsNumber@Value@v8@@QEBA_NXZ 00000001800024ad f   node:node.exe
 0001:000014b9       __imp_load_?Value@Number@v8@@QEBANXZ 00000001800024b9 f   node:node.exe
 0001:000014c5       __imp_load_?SlowGetAlignedPointerFromInternalField@Object@v8@@AEAAPEAXH@Z 00000001800024c5 f   node:node.exe
 0001:000014d1       __imp_load_?SetAlignedPointerInInternalField@Object@v8@@QEAAXHPEAX@Z 00000001800024d1 f   node:node.exe
 0001:000014dd       __imp_load_?InternalFieldCount@Object@v8@@QEAAHXZ 00000001800024dd f   node:node.exe
 0001:000014e9       __imp_load_?NewInstance@Function@v8@@QEBA?AV?$Local@VObject@v8@@@2@HQEAV?$Local@VValue@v8@@@2@@Z 00000001800024e9 f   node:node.exe
 0001:000014f5       __imp_load_?SetInternalFieldCount@ObjectTemplate@v8@@QEAAXH@Z 00000001800024f5 f   node:node.exe
 0001:00001501       __imp_load_?ToNumber@Value@v8@@QEBA?AV?$Local@VNumber@v8@@@2@XZ 0000000180002501 f   node:node.exe
 0001:00001520       __security_check_cookie    0000000180002520 f   LIBCMT:_amdsecgs_.obj
 0001:00001544       ??2@YAPEAX_K@Z             0000000180002544 f   LIBCMT:new_scalar.obj
 0001:00001580       __scrt_acquire_startup_lock 0000000180002580 f   LIBCMT:utility.obj
 0001:000015bc       __scrt_dllmain_after_initialize_c 00000001800025bc f   LIBCMT:utility.obj
 0001:000015dc       __scrt_dllmain_before_initialize_c 00000001800025dc f   LIBCMT:utility.obj
 0001:000015f4       __scrt_dllmain_crt_thread_attach 00000001800025f4 f   LIBCMT:utility.obj
 0001:0000161c       __scrt_dllmain_crt_thread_detach 000000018000261c f   LIBCMT:utility.obj
 0001:00001634       __scrt_dllmain_exception_filter 0000000180002634 f   LIBCMT:utility.obj
 0001:00001698       __scrt_dllmain_uninitialize_c 0000000180002698 f   LIBCMT:utility.obj
 0001:000016c8       __scrt_dllmain_uninitialize_critical 00000001800026c8 f   LIBCMT:utility.obj
 0001:000016dc       __scrt_initialize_crt      00000001800026dc f   LIBCMT:utility.obj
 0001:00001728       __scrt_initialize_onexit_tables 0000000180002728 f   LIBCMT:utility.obj
 0001:000017f4       __scrt_is_nonwritable_in_current_image 00000001800027f4 f   LIBCMT:utility.obj
 0001:00001890       __scrt_release_startup_lock 0000000180002890 f   LIBCMT:utility.obj
 0001:000018b4       __scrt_uninitialize_crt    00000001800028b4 f   LIBCMT:utility.obj
 0001:000018e0       _onexit                    00000001800028e0 f   LIBCMT:utility.obj
 0001:00001930       atexit                     0000000180002930 f   LIBCMT:utility.obj
 0001:00001948       ??3@YAXPEAX_K@Z            0000000180002948 f   LIBCMT:delete_scalar_size.obj
 0001:00001cac       _DllMainCRTStartup         0000000180002cac f   LIBCMT:dll_dllmain.obj
 0001:00001cec       __raise_securityfailure    0000000180002cec f   LIBCMT:gs_report.obj
 0001:00001d20       __report_gsfailure         0000000180002d20 f   LIBCMT:gs_report.obj
 0001:00001e68       ??0bad_alloc@std@@QEAA@AEBV01@@Z 0000000180002e68 f i LIBCMT:throw_bad_alloc.obj
 0001:00001ea8       ??0bad_alloc@std@@QEAA@XZ  0000000180002ea8 f i LIBCMT:throw_bad_alloc.obj
 0001:00001ec8       ??0bad_array_new_length@std@@QEAA@AEBV01@@Z 0000000180002ec8 f i LIBCMT:throw_bad_alloc.obj
 0001:00001f08       ??0bad_array_new_length@std@@QEAA@XZ 0000000180002f08 f i LIBCMT:throw_bad_alloc.obj
 0001:00001f28       ??0exception@std@@QEAA@AEBV01@@Z 0000000180002f28 f i LIBCMT:throw_bad_alloc.obj
 0001:00001f60       ??1bad_array_new_length@std@@UEAA@XZ 0000000180002f60 f i LIBCMT:throw_bad_alloc.obj
 0001:00001f60       ??1bad_alloc@std@@UEAA@XZ  0000000180002f60 f i LIBCMT:throw_bad_alloc.obj
 0001:00001f74       ??_Gbad_array_new_length@std@@UEAAPEAXI@Z 0000000180002f74 f i LIBCMT:throw_bad_alloc.obj
 0001:00001f74       ??_Ebad_array_new_length@std@@UEAAPEAXI@Z 0000000180002f74 f i LIBCMT:throw_bad_alloc.obj
 0001:00001f74       ??_Gbad_alloc@std@@UEAAPEAXI@Z 0000000180002f74 f i LIBCMT:throw_bad_alloc.obj
 0001:00001f74       ??_Gexception@std@@UEAAPEAXI@Z 0000000180002f74 f i LIBCMT:throw_bad_alloc.obj
 0001:00001f74       ??_Ebad_alloc@std@@UEAAPEAXI@Z 0000000180002f74 f i LIBCMT:throw_bad_alloc.obj
 0001:00001f74       ??_Eexception@std@@UEAAPEAXI@Z 0000000180002f74 f i LIBCMT:throw_bad_alloc.obj
 0001:00001fb8       ?__scrt_throw_std_bad_alloc@@YAXXZ 0000000180002fb8 f   LIBCMT:throw_bad_alloc.obj
 0001:00001fd8       ?__scrt_throw_std_bad_array_new_length@@YAXXZ 0000000180002fd8 f   LIBCMT:throw_bad_alloc.obj
 0001:00001ff8       ?what@exception@std@@UEBAPEBDXZ 0000000180002ff8 f i LIBCMT:throw_bad_alloc.obj
 0001:0000200c       __isa_available_init       000000018000300c f   LIBCMT:_cpu_disp_.obj
 0001:000021d0       __scrt_is_ucrt_dll_in_use  00000001800031d0 f   LIBCMT:ucrt_detection.obj
 0001:000021dc       __crt_debugger_hook        00000001800031dc f   LIBCMT:utility_desktop.obj
 0001:000021e4       __scrt_fastfail            00000001800031e4 f   LIBCMT:utility_desktop.obj
 0001:0000232c       _guard_check_icall         000000018000332c f i LIBCMT:checkcfg.obj
 0001:00002334       ??3@YAXPEAX@Z              0000000180003334 f   LIBCMT:delete_scalar.obj
 0001:0000233c       __security_init_cookie     000000018000333c f   LIBCMT:gs_support.obj
 0001:000023e8       DllMain                    00000001800033e8 f   LIBCMT:dll_dllmain_stub.obj
 0001:000023f0       ?__scrt_initialize_type_info@@YAXXZ 00000001800033f0 f   LIBCMT:tncleanup.obj
 0001:00002400       ?__scrt_uninitialize_type_info@@YAXXZ 0000000180003400 f   LIBCMT:tncleanup.obj
 0001:0000240c       __local_stdio_printf_options 000000018000340c f i LIBCMT:default_local_stdio_options.obj
 0001:00002414       __local_stdio_scanf_options 0000000180003414 f i LIBCMT:default_local_stdio_options.obj
 0001:0000241c       __scrt_initialize_default_local_stdio_options 000000018000341c f   LIBCMT:default_local_stdio_options.obj
 0001:00002438       __scrt_get_dyn_tls_init_callback 0000000180003438 f   LIBCMT:dyn_tls_init.obj
 0001:00002440       _RTC_Initialize            0000000180003440 f   LIBCMT:_initsect_.obj
 0001:0000248c       _RTC_Terminate             000000018000348c f   LIBCMT:_initsect_.obj
 0001:000024d8       ??_Gtype_info@@UEAAPEAXI@Z 00000001800034d8 f i LIBCMT:std_type_info_static.obj
 0001:000024d8       ??_Etype_info@@UEAAPEAXI@Z 00000001800034d8 f i LIBCMT:std_type_info_static.obj
 0001:00002504       __except_validate_context_record 0000000180003504 f i libvcruntime:jbcxrval.obj
 0001:00002504       _guard_check_icall_nop     0000000180003504 f i LIBCMT:guard_support.obj
 0001:00002510       __vcrt_initialize          0000000180003510 f   libvcruntime:initialization.obj
 0001:00002548       __vcrt_thread_attach       0000000180003548 f   libvcruntime:initialization.obj
 0001:0000255c       __vcrt_thread_detach       000000018000355c f   libvcruntime:initialization.obj
 0001:00002570       __vcrt_uninitialize        0000000180003570 f   libvcruntime:initialization.obj
 0001:0000259c       __vcrt_uninitialize_critical 000000018000359c f   libvcruntime:initialization.obj
 0001:000025ac       __C_specific_handler       00000001800035ac f   libvcruntime:_chandler_.obj
 0001:000027a0       __telemetry_main_invoke_trigger 00000001800037a0 f   libvcruntime:telemetry.obj
 0001:000028b8       __telemetry_main_return_trigger 00000001800038b8 f   libvcruntime:telemetry.obj
 0001:000029d0       __vcrt_initialize_telemetry_provider 00000001800039d0 f   libvcruntime:telemetry.obj
 0001:000029e4       __vcrt_uninitialize_telemetry_provider 00000001800039e4 f   libvcruntime:telemetry.obj
 0001:00002a04       __std_exception_copy       0000000180003a04 f   libvcruntime:std_exception.obj
 0001:00002a94       __std_exception_destroy    0000000180003a94 f   libvcruntime:std_exception.obj
 0001:00002abc       _CxxThrowException         0000000180003abc f   libvcruntime:throw.obj
 0001:00002bb0       memset                     0000000180003bb0 f   libvcruntime:memset.obj
 0001:00002d50       __std_type_info_destroy_list 0000000180003d50 f   libvcruntime:std_type_info.obj
 0001:00002d7c       __vcrt_freefls             0000000180003d7c f   libvcruntime:per_thread_data.obj
 0001:00002d9c       __vcrt_freeptd             0000000180003d9c f   libvcruntime:per_thread_data.obj
 0001:00002dec       __vcrt_getptd_noexit       0000000180003dec f   libvcruntime:per_thread_data.obj
 0001:00002e94       __vcrt_initialize_ptd      0000000180003e94 f   libvcruntime:per_thread_data.obj
 0001:00002ed4       __vcrt_uninitialize_ptd    0000000180003ed4 f   libvcruntime:per_thread_data.obj
 0001:00002ef8       __vcrt_initialize_locks    0000000180003ef8 f   libvcruntime:locks.obj
 0001:00002f40       __vcrt_uninitialize_locks  0000000180003f40 f   libvcruntime:locks.obj
 0001:00003140       __vcrt_EventRegister       0000000180004140 f   libvcruntime:winapi_downlevel.obj
 0001:000031c4       __vcrt_EventSetInformation 00000001800041c4 f   libvcruntime:winapi_downlevel.obj
 0001:00003248       __vcrt_EventUnregister     0000000180004248 f   libvcruntime:winapi_downlevel.obj
 0001:0000329c       __vcrt_EventWriteTransfer  000000018000429c f   libvcruntime:winapi_downlevel.obj
 0001:00003334       __vcrt_FlsAlloc            0000000180004334 f   libvcruntime:winapi_downlevel.obj
 0001:00003388       __vcrt_FlsFree             0000000180004388 f   libvcruntime:winapi_downlevel.obj
 0001:000033dc       __vcrt_FlsGetValue         00000001800043dc f   libvcruntime:winapi_downlevel.obj
 0001:00003430       __vcrt_FlsSetValue         0000000180004430 f   libvcruntime:winapi_downlevel.obj
 0001:00003498       __vcrt_InitializeCriticalSectionEx 0000000180004498 f   libvcruntime:winapi_downlevel.obj
 0001:00003510       __vcrt_initialize_winapi_thunks 0000000180004510 f   libvcruntime:winapi_downlevel.obj
 0001:00003548       __vcrt_uninitialize_winapi_thunks 0000000180004548 f   libvcruntime:winapi_downlevel.obj
 0001:00003588       __vcrt_initialize_pure_virtual_call_handler 0000000180004588 f   libvcruntime:purevirt_data.obj
 0001:000035c0       _local_unwind              00000001800045c0 f   libvcruntime:_jmpuwind_.obj
 0001:000035f0       _NLG_Notify                00000001800045f0 f   libvcruntime:_jmpuwind_.obj
 0001:00003610       __NLG_Dispatch2            0000000180004610 f   libvcruntime:_jmpuwind_.obj
 0001:00003620       __NLG_Return2              0000000180004620 f   libvcruntime:_jmpuwind_.obj
 0001:0000400c       ??$ftprintf@PEAU_iobuf@@PEB_WAEBQEB_WAEBQEB_WAEBI@?$__crt_char_traits@_W@@SAH$$QEAPEAU_iobuf@@$$QEAPEB_WAEBQEB_W2AEBI@Z 000000018000500c f i libucrt:assert.obj
 0001:00004034       _wassert                   0000000180005034 f   libucrt:assert.obj
 0001:000040b8       fwprintf                   00000001800050b8 f i libucrt:assert.obj
 0001:000040fc       swprintf                   00000001800050fc f i libucrt:assert.obj
 0001:00004150       ??0_LocaleUpdate@@QEAA@QEAU__crt_locale_pointers@@@Z 0000000180005150 f i libucrt:stricmp.obj
 0001:000041e0       __ascii_stricmp            00000001800051e0 f   libucrt:stricmp.obj
 0001:0000421c       _stricmp                   000000018000521c f   libucrt:stricmp.obj
 0001:0000421c       strcmpi                    000000018000521c f   libucrt:stricmp.obj
 0001:00004264       _stricmp_l                 0000000180005264 f   libucrt:stricmp.obj
 0001:00004318       __acrt_initialize_new_handler 0000000180005318 f   libucrt:new_handler.obj
 0001:00004320       _callnewh                  0000000180005320 f   libucrt:new_handler.obj
 0001:00004360       _query_new_handler         0000000180005360 f   libucrt:new_handler.obj
 0001:00004394       malloc                     0000000180005394 f   libucrt:malloc.obj
 0001:0000439c       _seh_filter_dll            000000018000539c f   libucrt:exception_filter.obj
 0001:000043b0       _seh_filter_exe            00000001800053b0 f   libucrt:exception_filter.obj
 0001:00004770       __acrt_initialize_thread_local_exit_callback 0000000180005770 f   libucrt:exit.obj
 0001:00004778       _cexit                     0000000180005778 f   libucrt:exit.obj
 0001:00004788       _exit                      0000000180005788 f   libucrt:exit.obj
 0001:00004794       _is_c_termination_complete 0000000180005794 f   libucrt:exit.obj
 0001:00004980       __dcrt_uninitialize_environments_nolock 0000000180005980 f   libucrt:environment_initialization.obj
 0001:000049b8       _initialize_narrow_environment 00000001800059b8 f   libucrt:environment_initialization.obj
 0001:000049c0       ??$?RV<lambda_b8c45f8f788dd370798f47cfe8ac3a86>@@AEAV<lambda_4e60a939b0d047cfe11ddc22648dfba9>@@V<lambda_332c3edc96d0294ec56c57d38c1cdfd5>@@@?$__crt_seh_guarded_call@H@@QEAAH$$QEAV<lambda_b8c45f8f788dd370798f47cfe8ac3a86>@@AEAV<lambda_4e60a939b0d047cfe11ddc22648dfba9>@@$$QEAV<lambda_332c3edc96d0294ec56c57d38c1cdfd5>@@@Z 00000001800059c0 f i libucrt:onexit.obj
 0001:000049fc       ??$?RV<lambda_e24bbb7b643b32fcea6fa61b31d4c984>@@AEAV<lambda_275893d493268fdec8709772e3fcec0e>@@V<lambda_9d71df4d7cf3f480f8d633942495c3b0>@@@?$__crt_seh_guarded_call@H@@QEAAH$$QEAV<lambda_e24bbb7b643b32fcea6fa61b31d4c984>@@AEAV<lambda_275893d493268fdec8709772e3fcec0e>@@$$QEAV<lambda_9d71df4d7cf3f480f8d633942495c3b0>@@@Z 00000001800059fc f i libucrt:onexit.obj
 0001:00004d78       _crt_atexit                0000000180005d78 f   libucrt:onexit.obj
 0001:00004d88       _execute_onexit_table      0000000180005d88 f   libucrt:onexit.obj
 0001:00004dc4       _initialize_onexit_table   0000000180005dc4 f   libucrt:onexit.obj
 0001:00004e04       _register_onexit_function  0000000180005e04 f   libucrt:onexit.obj
 0001:00004e84       __acrt_uninitialize_command_line 0000000180005e84 f   libucrt:argv_data.obj
 0001:00004f84       __acrt_initialize          0000000180005f84 f   libucrt:initialization.obj
 0001:00004f98       __acrt_thread_attach       0000000180005f98 f   libucrt:initialization.obj
 0001:00004fac       __acrt_thread_detach       0000000180005fac f   libucrt:initialization.obj
 0001:00004fbc       __acrt_uninitialize        0000000180005fbc f   libucrt:initialization.obj
 0001:00004fd0       __acrt_uninitialize_critical 0000000180005fd0 f   libucrt:initialization.obj
 0001:00004fe0       _initterm                  0000000180005fe0 f   libucrt:initterm.obj
 0001:00005058       _initterm_e                0000000180006058 f   libucrt:initterm.obj
 0001:000050a4       terminate                  00000001800060a4 f   libucrt:terminate.obj
 0001:000050cc       free                       00000001800060cc f   libucrt:free.obj
 0001:000050d4       strcpy_s                   00000001800060d4 f   libucrt:strcpy_s.obj
 0001:00005134       _free_base                 0000000180006134 f   libucrt:free_base.obj
 0001:00005174       _malloc_base               0000000180006174 f   libucrt:malloc_base.obj
 0001:000051d4       abort                      00000001800061d4 f   libucrt:abort.obj
 0001:0000522c       _calloc_base               000000018000622c f   libucrt:calloc_base.obj
 0001:000052a4       ??$?RV<lambda_7b91131dde12e1c3dfc74ff76b3f2eac>@@AEAV<lambda_dd75445284c072d0bd3768540cc698fa>@@V<lambda_16bc4ecb55b4718497c16bceaea2ceaf>@@@?$__crt_seh_guarded_call@H@@QEAAH$$QEAV<lambda_7b91131dde12e1c3dfc74ff76b3f2eac>@@AEAV<lambda_dd75445284c072d0bd3768540cc698fa>@@$$QEAV<lambda_16bc4ecb55b4718497c16bceaea2ceaf>@@@Z 00000001800062a4 f i libucrt:output.obj
 0001:000052e4       ??$ensure_buffer_is_big_enough@D@formatting_buffer@__crt_stdio_output@@QEAA_N_K@Z 00000001800062e4 f i libucrt:output.obj
 0001:00005390       ??$is_wide_character_specifier@_W@__crt_stdio_output@@YA_N_K_WW4length_modifier@0@@Z 0000000180006390 f i libucrt:output.obj
 0001:000053d4       ??$type_case_integer_parse_into_buffer@I@?$output_processor@_WV?$string_output_adapter@_W@__crt_stdio_output@@V?$standard_base@_WV?$string_output_adapter@_W@__crt_stdio_output@@@2@@__crt_stdio_output@@AEAAXII_N@Z 00000001800063d4 f i libucrt:output.obj
 0001:000053d4       ??$type_case_integer_parse_into_buffer@I@?$output_processor@_WV?$stream_output_adapter@_W@__crt_stdio_output@@V?$standard_base@_WV?$stream_output_adapter@_W@__crt_stdio_output@@@2@@__crt_stdio_output@@AEAAXII_N@Z 00000001800063d4 f i libucrt:output.obj
 0001:00005470       ??$type_case_integer_parse_into_buffer@_K@?$output_processor@_WV?$stream_output_adapter@_W@__crt_stdio_output@@V?$standard_base@_WV?$stream_output_adapter@_W@__crt_stdio_output@@@2@@__crt_stdio_output@@AEAAX_KI_N@Z 0000000180006470 f i libucrt:output.obj
 0001:00005470       ??$type_case_integer_parse_into_buffer@_K@?$output_processor@_WV?$string_output_adapter@_W@__crt_stdio_output@@V?$standard_base@_WV?$string_output_adapter@_W@__crt_stdio_output@@@2@@__crt_stdio_output@@AEAAX_KI_N@Z 0000000180006470 f i libucrt:output.obj
 0001:0000550c       ??$write_multiple_characters@V?$stream_output_adapter@_W@__crt_stdio_output@@D@__crt_stdio_output@@YAXAEBV?$stream_output_adapter@_W@0@DHQEAH@Z 000000018000650c f i libucrt:output.obj
 0001:0000559c       ??$write_multiple_characters@V?$string_output_adapter@_W@__crt_stdio_output@@D@__crt_stdio_output@@YAXAEBV?$string_output_adapter@_W@0@DHQEAH@Z 000000018000659c f i libucrt:output.obj
 0001:0000560c       ??0?$output_processor@_WV?$stream_output_adapter@_W@__crt_stdio_output@@V?$standard_base@_WV?$stream_output_adapter@_W@__crt_stdio_output@@@2@@__crt_stdio_output@@QEAA@AEBV?$stream_output_adapter@_W@1@_KQEB_WQEAU__crt_locale_pointers@@QEAD@Z 000000018000660c f i libucrt:output.obj
 0001:0000560c       ??0?$output_processor@_WV?$string_output_adapter@_W@__crt_stdio_output@@V?$standard_base@_WV?$string_output_adapter@_W@__crt_stdio_output@@@2@@__crt_stdio_output@@QEAA@AEBV?$string_output_adapter@_W@1@_KQEB_WQEAU__crt_locale_pointers@@QEAD@Z 000000018000660c f i libucrt:output.obj
 0001:0000577c       ?force_decimal_point@__crt_stdio_output@@YAXPEADQEAU__crt_locale_pointers@@@Z 000000018000677c f i libucrt:output.obj
 0001:000057ec       ?parse_int_from_format_string@?$output_processor@_WV?$string_output_adapter@_W@__crt_stdio_output@@V?$standard_base@_WV?$string_output_adapter@_W@__crt_stdio_output@@@2@@__crt_stdio_output@@AEAA_NQEAH@Z 00000001800067ec f i libucrt:output.obj
 0001:000057ec       ?parse_int_from_format_string@?$output_processor@_WV?$stream_output_adapter@_W@__crt_stdio_output@@V?$standard_base@_WV?$stream_output_adapter@_W@__crt_stdio_output@@@2@@__crt_stdio_output@@AEAA_NQEAH@Z 00000001800067ec f i libucrt:output.obj
 0001:0000586c       ?process@?$output_processor@_WV?$stream_output_adapter@_W@__crt_stdio_output@@V?$standard_base@_WV?$stream_output_adapter@_W@__crt_stdio_output@@@2@@__crt_stdio_output@@QEAAHXZ 000000018000686c f i libucrt:output.obj
 0001:00005ae4       ?process@?$output_processor@_WV?$string_output_adapter@_W@__crt_stdio_output@@V?$standard_base@_WV?$string_output_adapter@_W@__crt_stdio_output@@@2@@__crt_stdio_output@@QEAAHXZ 0000000180006ae4 f i libucrt:output.obj
 0001:00005d60       ?state_case_size@?$output_processor@_WV?$stream_output_adapter@_W@__crt_stdio_output@@V?$standard_base@_WV?$stream_output_adapter@_W@__crt_stdio_output@@@2@@__crt_stdio_output@@AEAA_NXZ 0000000180006d60 f i libucrt:output.obj
 0001:00005f04       ?state_case_size@?$output_processor@_WV?$string_output_adapter@_W@__crt_stdio_output@@V?$standard_base@_WV?$string_output_adapter@_W@__crt_stdio_output@@@2@@__crt_stdio_output@@AEAA_NXZ 0000000180006f04 f i libucrt:output.obj
 0001:000060a8       ?state_case_type@?$output_processor@_WV?$stream_output_adapter@_W@__crt_stdio_output@@V?$standard_base@_WV?$stream_output_adapter@_W@__crt_stdio_output@@@2@@__crt_stdio_output@@AEAA_NXZ 00000001800070a8 f i libucrt:output.obj
 0001:00006374       ?state_case_type@?$output_processor@_WV?$string_output_adapter@_W@__crt_stdio_output@@V?$standard_base@_WV?$string_output_adapter@_W@__crt_stdio_output@@@2@@__crt_stdio_output@@AEAA_NXZ 0000000180007374 f i libucrt:output.obj
 0001:00006640       ?type_case_Z@?$output_processor@_WV?$string_output_adapter@_W@__crt_stdio_output@@V?$standard_base@_WV?$string_output_adapter@_W@__crt_stdio_output@@@2@@__crt_stdio_output@@AEAA_NXZ 0000000180007640 f i libucrt:output.obj
 0001:00006640       ?type_case_Z@?$output_processor@_WV?$stream_output_adapter@_W@__crt_stdio_output@@V?$standard_base@_WV?$stream_output_adapter@_W@__crt_stdio_output@@@2@@__crt_stdio_output@@AEAA_NXZ 0000000180007640 f i libucrt:output.obj
 0001:000066c0       ?type_case_a@?$output_processor@_WV?$stream_output_adapter@_W@__crt_stdio_output@@V?$standard_base@_WV?$stream_output_adapter@_W@__crt_stdio_output@@@2@@__crt_stdio_output@@AEAA_NXZ 00000001800076c0 f i libucrt:output.obj
 0001:000066c0       ?type_case_a@?$output_processor@_WV?$string_output_adapter@_W@__crt_stdio_output@@V?$standard_base@_WV?$string_output_adapter@_W@__crt_stdio_output@@@2@@__crt_stdio_output@@AEAA_NXZ 00000001800076c0 f i libucrt:output.obj
 0001:00006904       ?type_case_c_tchar@?$output_processor@_WV?$stream_output_adapter@_W@__crt_stdio_output@@V?$standard_base@_WV?$stream_output_adapter@_W@__crt_stdio_output@@@2@@__crt_stdio_output@@AEAA_N_W@Z 0000000180007904 f i libucrt:output.obj
 0001:00006904       ?type_case_c_tchar@?$output_processor@_WV?$string_output_adapter@_W@__crt_stdio_output@@V?$standard_base@_WV?$string_output_adapter@_W@__crt_stdio_output@@@2@@__crt_stdio_output@@AEAA_N_W@Z 0000000180007904 f i libucrt:output.obj
 0001:000069ac       ?type_case_integer@?$output_processor@_WV?$stream_output_adapter@_W@__crt_stdio_output@@V?$standard_base@_WV?$stream_output_adapter@_W@__crt_stdio_output@@@2@@__crt_stdio_output@@AEAA_NI_N@Z 00000001800079ac f i libucrt:output.obj
 0001:000069ac       ?type_case_integer@?$output_processor@_WV?$string_output_adapter@_W@__crt_stdio_output@@V?$standard_base@_WV?$string_output_adapter@_W@__crt_stdio_output@@@2@@__crt_stdio_output@@AEAA_NI_N@Z 00000001800079ac f i libucrt:output.obj
 0001:00006b4c       ?type_case_n@?$output_processor@_WV?$stream_output_adapter@_W@__crt_stdio_output@@V?$standard_base@_WV?$stream_output_adapter@_W@__crt_stdio_output@@@2@@__crt_stdio_output@@AEAA_NXZ 0000000180007b4c f i libucrt:output.obj
 0001:00006b4c       ?type_case_n@?$output_processor@_WV?$string_output_adapter@_W@__crt_stdio_output@@V?$standard_base@_WV?$string_output_adapter@_W@__crt_stdio_output@@@2@@__crt_stdio_output@@AEAA_NXZ 0000000180007b4c f i libucrt:output.obj
 0001:00006c28       ?type_case_s@?$output_processor@_WV?$stream_output_adapter@_W@__crt_stdio_output@@V?$standard_base@_WV?$stream_output_adapter@_W@__crt_stdio_output@@@2@@__crt_stdio_output@@AEAA_NXZ 0000000180007c28 f i libucrt:output.obj
 0001:00006c28       ?type_case_s@?$output_processor@_WV?$string_output_adapter@_W@__crt_stdio_output@@V?$standard_base@_WV?$string_output_adapter@_W@__crt_stdio_output@@@2@@__crt_stdio_output@@AEAA_NXZ 0000000180007c28 f i libucrt:output.obj
 0001:00006cf0       ?write_stored_string_tchar@?$output_processor@_WV?$stream_output_adapter@_W@__crt_stdio_output@@V?$standard_base@_WV?$stream_output_adapter@_W@__crt_stdio_output@@@2@@__crt_stdio_output@@AEAA_N_W@Z 0000000180007cf0 f i libucrt:output.obj
 0001:00006ddc       ?write_stored_string_tchar@?$output_processor@_WV?$string_output_adapter@_W@__crt_stdio_output@@V?$standard_base@_WV?$string_output_adapter@_W@__crt_stdio_output@@@2@@__crt_stdio_output@@AEAA_N_W@Z 0000000180007ddc f i libucrt:output.obj
 0001:00006ecc       ?write_string@?$stream_output_adapter@_W@__crt_stdio_output@@QEBAXQEB_WHQEAH1@Z 0000000180007ecc f i libucrt:output.obj
 0001:00006fd8       ?write_string@?$string_output_adapter@_W@__crt_stdio_output@@QEBAXQEB_WHQEAH1@Z 0000000180007fd8 f i libucrt:output.obj
 0001:00007098       __stdio_common_vfwprintf   0000000180008098 f   libucrt:output.obj
 0001:00007124       __stdio_common_vswprintf   0000000180008124 f   libucrt:output.obj
 0001:0000735c       ??$is_overflow_condition@K@__crt_strtox@@YA_NIK@Z 000000018000835c f i libucrt:atox.obj
 0001:00007388       ??$parse_integer@KV?$c_string_character_source@_W@__crt_strtox@@@__crt_strtox@@YAKQEAU__crt_locale_pointers@@V?$c_string_character_source@_W@0@H_N@Z 0000000180008388 f i libucrt:atox.obj
 0001:00007a5c       __acrt_call_reportfault    0000000180008a5c f   libucrt:invalid_parameter.obj
 0001:00007bb8       __acrt_initialize_invalid_parameter_handler 0000000180008bb8 f   libucrt:invalid_parameter.obj
 0001:00007bc0       _invalid_parameter         0000000180008bc0 f   libucrt:invalid_parameter.obj
 0001:00007c68       _invalid_parameter_noinfo  0000000180008c68 f   libucrt:invalid_parameter.obj
 0001:00007c88       _invoke_watson             0000000180008c88 f   libucrt:invalid_parameter.obj
 0001:00007cd0       _query_app_type            0000000180008cd0 f   libucrt:report_runtime_error.obj
 0001:00007cd8       __acrt_errno_from_os_error 0000000180008cd8 f   libucrt:errno.obj
 0001:00007d20       __acrt_errno_map_os_error  0000000180008d20 f   libucrt:errno.obj
 0001:00007d70       __doserrno                 0000000180008d70 f   libucrt:errno.obj
 0001:00007d90       _errno                     0000000180008d90 f   libucrt:errno.obj
 0001:00007ed8       _itow_s                    0000000180008ed8 f   libucrt:xtoa.obj
 0001:00007ef8       _set_error_mode            0000000180008ef8 f   libucrt:set_error_mode.obj
 0001:00007f38       wcscat_s                   0000000180008f38 f   libucrt:wcscat_s.obj
 0001:00007fb8       wcscpy_s                   0000000180008fb8 f   libucrt:wcscpy_s.obj
 0001:00008020       wcsncat_s                  0000000180009020 f   libucrt:wcsncat_s.obj
 0001:00008148       __acrt_show_wide_message_box 0000000180009148 f   libucrt:crtmbox.obj
 0001:00008264       __acrt_initialize_stdio    0000000180009264 f   libucrt:_file.obj
 0001:00008384       __acrt_iob_func            0000000180009384 f   libucrt:_file.obj
 0001:00008398       __acrt_uninitialize_stdio  0000000180009398 f   libucrt:_file.obj
 0001:000083f4       _lock_file                 00000001800093f4 f   libucrt:_file.obj
 0001:00008400       _unlock_file               0000000180009400 f   libucrt:_file.obj
 0001:0000840c       __acrt_stdio_flush_nolock  000000018000940c f   libucrt:fflush.obj
 0001:00008484       _fflush_nolock             0000000180009484 f   libucrt:fflush.obj
 0001:000084d0       _flushall                  00000001800094d0 f   libucrt:fflush.obj
 0001:000085c0       fflush                     00000001800095c0 f   libucrt:fflush.obj
 0001:00008604       ??$?RV<lambda_7a5ef57ff966f610505f1d28a3d40618>@@AEAV<lambda_b721fa326cdb32351d23dfa67958c160>@@V<lambda_5e0fb27672408a07956fe59e48ccb2aa>@@@?$__crt_seh_guarded_call@H@@QEAAH$$QEAV<lambda_7a5ef57ff966f610505f1d28a3d40618>@@AEAV<lambda_b721fa326cdb32351d23dfa67958c160>@@$$QEAV<lambda_5e0fb27672408a07956fe59e48ccb2aa>@@@Z 0000000180009604 f i libucrt:setvbuf.obj
 0001:00008734       setvbuf                    0000000180009734 f   libucrt:setvbuf.obj
 0001:000087d4       ??$?RV<lambda_c36588078e9f5dfd39652860aa6b3aaf>@@AEAV<lambda_ec61778202f4f5fc7e7711acc23c3bca>@@V<lambda_dc9d2797ccde5d239b4a0efae8ebd7db>@@@?$__crt_seh_guarded_call@P6AXH@Z@@QEAAP6AXH@Z$$QEAV<lambda_c36588078e9f5dfd39652860aa6b3aaf>@@AEAV<lambda_ec61778202f4f5fc7e7711acc23c3bca>@@$$QEAV<lambda_dc9d2797ccde5d239b4a0efae8ebd7db>@@@Z 00000001800097d4 f i libucrt:signal.obj
 0001:0000881c       __acrt_get_sigabrt_handler 000000018000981c f   libucrt:signal.obj
 0001:0000884c       __acrt_initialize_signal_handlers 000000018000984c f   libucrt:signal.obj
 0001:0000886c       raise                      000000018000986c f   libucrt:signal.obj
 0001:00008b58       _tolower_l                 0000000180009b58 f   libucrt:tolower_toupper.obj
 0001:00008c98       tolower                    0000000180009c98 f   libucrt:tolower_toupper.obj
 0001:00008cc4       ??$?RV<lambda_46352004c1216016012b18bd6f87e700>@@AEAV<lambda_3bd07e1a1191394380780325891bf33f>@@V<lambda_334532d3f185bcaa59b5be82d7d22bff>@@@?$__crt_seh_guarded_call@X@@QEAAX$$QEAV<lambda_46352004c1216016012b18bd6f87e700>@@AEAV<lambda_3bd07e1a1191394380780325891bf33f>@@$$QEAV<lambda_334532d3f185bcaa59b5be82d7d22bff>@@@Z 0000000180009cc4 f i libucrt:per_thread_data.obj
 0001:00008d24       ??$?RV<lambda_5e887d1dcbef67a5eb4283622ba103bf>@@AEAV<lambda_4466841279450cc726390878d4a41900>@@V<lambda_341c25c0346d94847f1f3c463c57e077>@@@?$__crt_seh_guarded_call@X@@QEAAX$$QEAV<lambda_5e887d1dcbef67a5eb4283622ba103bf>@@AEAV<lambda_4466841279450cc726390878d4a41900>@@$$QEAV<lambda_341c25c0346d94847f1f3c463c57e077>@@@Z 0000000180009d24 f i libucrt:per_thread_data.obj
 0001:00008d6c       ??$?RV<lambda_72d1df2b273a38828b1ce30cbf4cdab5>@@AEAV<lambda_876a65b173b8412d3a47c70a915b0cf4>@@V<lambda_41932305e351933ebe8f8be3ed8bb5dc>@@@?$__crt_seh_guarded_call@X@@QEAAX$$QEAV<lambda_72d1df2b273a38828b1ce30cbf4cdab5>@@AEAV<lambda_876a65b173b8412d3a47c70a915b0cf4>@@$$QEAV<lambda_41932305e351933ebe8f8be3ed8bb5dc>@@@Z 0000000180009d6c f i libucrt:per_thread_data.obj
 0001:00008dac       ??$?RV<lambda_fb3a7dec4e47f37f22dae91bb15c9095>@@AEAV<lambda_698284760c8add0bfb0756c19673e34b>@@V<lambda_dfb8eca1e75fef3034a8fb18dd509707>@@@?$__crt_seh_guarded_call@X@@QEAAX$$QEAV<lambda_fb3a7dec4e47f37f22dae91bb15c9095>@@AEAV<lambda_698284760c8add0bfb0756c19673e34b>@@$$QEAV<lambda_dfb8eca1e75fef3034a8fb18dd509707>@@@Z 0000000180009dac f i libucrt:per_thread_data.obj
 0001:0000903c       __acrt_freeptd             000000018000a03c f   libucrt:per_thread_data.obj
 0001:00009080       __acrt_getptd              000000018000a080 f   libucrt:per_thread_data.obj
 0001:00009114       __acrt_getptd_noexit       000000018000a114 f   libucrt:per_thread_data.obj
 0001:000091b4       __acrt_initialize_ptd      000000018000a1b4 f   libucrt:per_thread_data.obj
 0001:000091f0       __acrt_uninitialize_ptd    000000018000a1f0 f   libucrt:per_thread_data.obj
 0001:00009214       __acrt_update_locale_info  000000018000a214 f   libucrt:locale_update.obj
 0001:00009248       __acrt_update_multibyte_info 000000018000a248 f   libucrt:locale_update.obj
 0001:0000927c       __acrt_set_locale_changed  000000018000a27c f   libucrt:wsetlocale.obj
 0001:00009288       __acrt_uninitialize_locale 000000018000a288 f   libucrt:wsetlocale.obj
 0001:000092d0       __acrt_initialize_locks    000000018000a2d0 f   libucrt:locks.obj
 0001:00009318       __acrt_lock                000000018000a318 f   libucrt:locks.obj
 0001:00009334       __acrt_uninitialize_locks  000000018000a334 f   libucrt:locks.obj
 0001:0000936c       __acrt_unlock              000000018000a36c f   libucrt:locks.obj
 0001:00009528       __acrt_FlsAlloc            000000018000a528 f   libucrt:winapi_thunks.obj
 0001:00009580       __acrt_FlsFree             000000018000a580 f   libucrt:winapi_thunks.obj
 0001:000095d8       __acrt_FlsGetValue         000000018000a5d8 f   libucrt:winapi_thunks.obj
 0001:00009630       __acrt_FlsSetValue         000000018000a630 f   libucrt:winapi_thunks.obj
 0001:00009698       __acrt_InitializeCriticalSectionEx 000000018000a698 f   libucrt:winapi_thunks.obj
 0001:00009710       __acrt_LCMapStringEx       000000018000a710 f   libucrt:winapi_thunks.obj
 0001:00009800       __acrt_LocaleNameToLCID    000000018000a800 f   libucrt:winapi_thunks.obj
 0001:00009868       __acrt_MessageBoxW         000000018000a868 f   libucrt:winapi_thunks.obj
 0001:000098f0       __acrt_can_show_message_box 000000018000a8f0 f   libucrt:winapi_thunks.obj
 0001:0000994c       __acrt_get_parent_window   000000018000a94c f   libucrt:winapi_thunks.obj
 0001:000099dc       __acrt_initialize_winapi_thunks 000000018000a9dc f   libucrt:winapi_thunks.obj
 0001:00009a14       __acrt_is_interactive      000000018000aa14 f   libucrt:winapi_thunks.obj
 0001:00009ae8       __acrt_is_packaged_app     000000018000aae8 f   libucrt:winapi_thunks.obj
 0001:00009b70       __acrt_uninitialize_winapi_thunks 000000018000ab70 f   libucrt:winapi_thunks.obj
 0001:00009bb4       ??$?RV<lambda_99476a1ad63dd22509b5d3e65b0ffc95>@@AEAV<lambda_ad1ced32f4ac17aa236e5ef05d6b3b7c>@@V<lambda_f7424dd8d45958661754dc4f2697e9c3>@@@?$__crt_seh_guarded_call@X@@QEAAX$$QEAV<lambda_99476a1ad63dd22509b5d3e65b0ffc95>@@AEAV<lambda_ad1ced32f4ac17aa236e5ef05d6b3b7c>@@$$QEAV<lambda_f7424dd8d45958661754dc4f2697e9c3>@@@Z 000000018000abb4 f i libucrt:mbctype.obj
 0001:0000a2b0       __acrt_initialize_multibyte 000000018000b2b0 f   libucrt:mbctype.obj
 0001:0000a2d8       __acrt_update_thread_multibyte_data 000000018000b2d8 f   libucrt:mbctype.obj
 0001:0000a398       _setmbcp_nolock            000000018000b398 f   libucrt:mbctype.obj
 0001:0000a640       __dcrt_get_narrow_environment_from_os 000000018000b640 f   libucrt:get_environment_from_os.obj
 0001:0000a744       _recalloc                  000000018000b744 f   libucrt:recalloc.obj
 0001:0000a74c       _recalloc_base             000000018000b74c f   libucrt:recalloc.obj
 0001:0000a7e4       __acrt_initialize_heap     000000018000b7e4 f   libucrt:heap_handle.obj
 0001:0000a800       __acrt_uninitialize_heap   000000018000b800 f   libucrt:heap_handle.obj
 0001:0000a9f4       __acrt_initialize_lowio    000000018000b9f4 f   libucrt:ioinit.obj
 0001:0000aa30       __acrt_uninitialize_lowio  000000018000ba30 f   libucrt:ioinit.obj
 0001:0000aa70       __acrt_initialize_command_line 000000018000ba70 f   libucrt:argv_data.obj
 0001:0000aa98       __acrt_execute_initializers 000000018000ba98 f   libucrt:shared_initialization.obj
 0001:0000ab2c       __acrt_execute_uninitializers 000000018000bb2c f   libucrt:shared_initialization.obj
 0001:0000ab7c       __acrt_has_user_matherr    000000018000bb7c f   libucrt:matherr.obj
 0001:0000ab9c       __acrt_initialize_user_matherr 000000018000bb9c f   libucrt:matherr.obj
 0001:0000aba4       __acrt_invoke_user_matherr 000000018000bba4 f   libucrt:matherr.obj
 0001:0000abec       __acrt_stdio_begin_temporary_buffering_nolock 000000018000bbec f   libucrt:_sftbuf.obj
 0001:0000acbc       __acrt_stdio_end_temporary_buffering_nolock 000000018000bcbc f   libucrt:_sftbuf.obj
 0001:0000acf8       _query_new_mode            000000018000bcf8 f   libucrt:new_mode.obj
 0001:0000ad00       isdigit                    000000018000bd00 f i libucrt:_ctype.obj
 0001:0000ad74       ??$make_c_string_character_source@_WPEAPEA_W@__crt_strtox@@YA?AV?$c_string_character_source@_W@0@QEB_WQEAPEA_W@Z 000000018000bd74 f i libucrt:strtox.obj
 0001:0000ad88       wcstol                     000000018000bd88 f   libucrt:strtox.obj
 0001:0000adb8       _mbtowc_l                  000000018000bdb8 f   libucrt:mbtowc.obj
 0001:0000af00       mbtowc                     000000018000bf00 f   libucrt:mbtowc.obj
 0001:0000af08       _wctomb_s_l                000000018000bf08 f   libucrt:wctomb.obj
 0001:0000b08c       wctomb_s                   000000018000c08c f   libucrt:wctomb.obj
 0001:0000b0a0       wcsnlen                    000000018000c0a0 f   libucrt:strnlen.obj
 0001:0000b290       ?__acrt_fp_classify@@YA?AW4__acrt_fp_class@@AEBN@Z 000000018000c290 f i libucrt:cvt.obj
 0001:0000bcc8       __acrt_fp_format           000000018000ccc8 f   libucrt:cvt.obj
 0001:0000bf0c       _fputwc_nolock             000000018000cf0c f   libucrt:fputwc.obj
 0001:0000c088       _fileno                    000000018000d088 f   libucrt:fileno.obj
 0001:0000c0b0       _fputc_nolock              000000018000d0b0 f   libucrt:fputc.obj
 0001:0000c0c8       _get_printf_count_output   000000018000d0c8 f   libucrt:printf_count_output.obj
 0001:0000c0e0       __pctype_func              000000018000d0e0 f   libucrt:ctype.obj
 0001:0000c110       iswctype                   000000018000d110 f   libucrt:iswctype.obj
 0001:0000c180       _isctype_l                 000000018000d180 f   libucrt:isctype.obj
 0001:0000c290       _fcloseall                 000000018000d290 f   libucrt:closeall.obj
 0001:0000c344       __acrt_stdio_free_buffer_nolock 000000018000d344 f   libucrt:_freebuf.obj
 0001:0000c384       ??$?RV<lambda_b521505b218e5242e90febf6bfebc422>@@AEAV<lambda_6978c1fb23f02e42e1d9e99668cc68aa>@@V<lambda_314360699dd331753a4119843814e9a7>@@@?$__crt_seh_guarded_call@H@@QEAAH$$QEAV<lambda_b521505b218e5242e90febf6bfebc422>@@AEAV<lambda_6978c1fb23f02e42e1d9e99668cc68aa>@@$$QEAV<lambda_314360699dd331753a4119843814e9a7>@@@Z 000000018000d384 f i libucrt:commit.obj
 0001:0000c410       _commit                    000000018000d410 f   libucrt:commit.obj
 0001:0000ca44       _write                     000000018000da44 f   libucrt:write.obj
 0001:0000cb30       _write_nolock              000000018000db30 f   libucrt:write.obj
 0001:0000ce14       _isleadbyte_l              000000018000de14 f i libucrt:_wctype.obj
 0001:0000d1b0       __acrt_LCMapStringA        000000018000e1b0 f   libucrt:lcmapstringa.obj
 0001:0000d248       __acrt_add_locale_ref      000000018000e248 f   libucrt:locale_refcounting.obj
 0001:0000d2d4       __acrt_free_locale         000000018000e2d4 f   libucrt:locale_refcounting.obj
 0001:0000d44c       __acrt_locale_add_lc_time_reference 000000018000e44c f   libucrt:locale_refcounting.obj
 0001:0000d474       __acrt_locale_free_lc_time_if_unreferenced 000000018000e474 f   libucrt:locale_refcounting.obj
 0001:0000d4ac       __acrt_locale_release_lc_time_reference 000000018000e4ac f   libucrt:locale_refcounting.obj
 0001:0000d4d4       __acrt_release_locale_ref  000000018000e4d4 f   libucrt:locale_refcounting.obj
 0001:0000d57c       __acrt_update_thread_locale_data 000000018000e57c f   libucrt:locale_refcounting.obj
 0001:0000d5ec       _updatetlocinfoEx_nolock   000000018000e5ec f   libucrt:locale_refcounting.obj
 0001:0000d654       __acrt_locale_free_monetary 000000018000e654 f   libucrt:initmon.obj
 0001:0000d760       __acrt_locale_free_numeric 000000018000e760 f   libucrt:initnum.obj
 0001:0000d824       __acrt_locale_free_time    000000018000e824 f   libucrt:inittime.obj
 0001:0000d92c       __acrt_GetStringTypeA      000000018000e92c f   libucrt:getstringtypea.obj
 0001:0000dba8       __acrt_DownlevelLocaleNameToLCID 000000018000eba8 f   libucrt:lcidtoname_downlevel.obj
 0001:0000dbf4       _msize                     000000018000ebf4 f   libucrt:msize.obj
 0001:0000dc30       _realloc_base              000000018000ec30 f   libucrt:realloc_base.obj
 0001:0000dcb4       __acrt_lowio_create_handle_array 000000018000ecb4 f   libucrt:osfinfo.obj
 0001:0000dd4c       __acrt_lowio_destroy_handle_array 000000018000ed4c f   libucrt:osfinfo.obj
 0001:0000dd9c       __acrt_lowio_ensure_fh_exists 000000018000ed9c f   libucrt:osfinfo.obj
 0001:0000de54       __acrt_lowio_lock_fh       000000018000ee54 f   libucrt:osfinfo.obj
 0001:0000de78       __acrt_lowio_unlock_fh     000000018000ee78 f   libucrt:osfinfo.obj
 0001:0000de9c       _free_osfhnd               000000018000ee9c f   libucrt:osfinfo.obj
 0001:0000df58       _get_osfhandle             000000018000ef58 f   libucrt:osfinfo.obj
 0001:0000dfd0       _isatty                    000000018000efd0 f   libucrt:isatty.obj
 0001:0000e030       __acrt_fp_strflt_to_string 000000018000f030 f   libucrt:_fptostr.obj
 0001:0000e0f0       ?divide@__crt_strtox@@YA_KAEAUbig_integer@1@AEBU21@@Z 000000018000f0f0 f i libucrt:cfout.obj
 0001:0000e5c0       __acrt_fltout              000000018000f5c0 f   libucrt:cfout.obj
 0001:0000fbc4       __acrt_stdio_flush_and_write_narrow_nolock 0000000180010bc4 f   libucrt:_flsbuf.obj
 0001:0000fcac       __acrt_stdio_flush_and_write_wide_nolock 0000000180010cac f   libucrt:_flsbuf.obj
 0001:0000fd98       _fclose_nolock             0000000180010d98 f   libucrt:fclose.obj
 0001:0000fe1c       fclose                     0000000180010e1c f   libucrt:fclose.obj
 0001:00010014       _lseeki64                  0000000180011014 f   libucrt:lseek.obj
 0001:0001001c       _lseeki64_nolock           000000018001101c f   libucrt:lseek.obj
 0001:00010024       _putwch_nolock             0000000180011024 f   libucrt:putwch.obj
 0001:00010080       __strncnt                  0000000180011080 f   libucrt:strncnt.obj
 0001:00010098       fegetenv                   0000000180011098 f   libucrt:fegetenv.obj
 0001:000100b8       fesetenv                   00000001800110b8 f   libucrt:fesetenv.obj
 0001:00010104       feholdexcept               0000000180011104 f   libucrt:feholdexcept.obj
 0001:00010154       ceil                       0000000180011154 f   libucrt:ceil.obj
 0001:00010220       log10                      0000000180011220 f   libucrt:log10.obj
 0001:000107cc       __acrt_stdio_allocate_buffer_nolock 00000001800117cc f   libucrt:_getbuf.obj
 0001:00010830       ??$?RV<lambda_bfedae4ebbf01fab1bb6dcc6a9e276e0>@@AEAV<lambda_2fe9b910cf3cbf4a0ab98a02ba45b3ec>@@V<lambda_237c231691f317818eb88cc1d5d642d6>@@@?$__crt_seh_guarded_call@H@@QEAAH$$QEAV<lambda_bfedae4ebbf01fab1bb6dcc6a9e276e0>@@AEAV<lambda_2fe9b910cf3cbf4a0ab98a02ba45b3ec>@@$$QEAV<lambda_237c231691f317818eb88cc1d5d642d6>@@@Z 0000000180011830 f i libucrt:close.obj
 0001:000108a4       _close                     00000001800118a4 f   libucrt:close.obj
 0001:00010948       _close_nolock              0000000180011948 f   libucrt:close.obj
 0001:00010a04       ?__acrt_stdio_free_stream@@YAXV__crt_stdio_stream@@@Z 0000000180011a04 f   libucrt:stream.obj
 0001:00010a48       __dcrt_lowio_initialize_console_output 0000000180011a48 f   libucrt:initcon.obj
 0001:00010a84       __dcrt_terminate_console_output 0000000180011a84 f   libucrt:initcon.obj
 0001:00010aa4       _getfpcontrolword          0000000180011aa4 f   libucrt:_fenvutils.obj
 0001:00010abc       _getfpstatusword           0000000180011abc f   libucrt:_fenvutils.obj
 0001:00010ad0       _setfpcontrolword          0000000180011ad0 f   libucrt:_fenvutils.obj
 0001:00010adc       _setfpstatusword           0000000180011adc f   libucrt:_fenvutils.obj
 0001:00010b2c       _clearfp                   0000000180011b2c f   libucrt:ieee.obj
 0001:00010b80       _controlfp                 0000000180011b80 f   libucrt:ieee.obj
 0001:00010b8c       _statusfp                  0000000180011b8c f   libucrt:ieee.obj
 0001:00010f90       _handle_error              0000000180011f90 f   libucrt:libm_error.obj
 0001:000110b8       _handle_nan                00000001800120b8 f   libucrt:libm_error.obj
 0001:000110e0       __acrt_initialize_fma3     00000001800120e0 f   libucrt:fma3_available.obj
 0001:00011150       _log10_special             0000000180012150 f   libucrt:log_special.obj
 0001:00011220       _get_fpsr                  0000000180012220 f   libucrt:fpsr.obj
 0001:00011230       _set_fpsr                  0000000180012230 f   libucrt:fpsr.obj
 0001:0001123a       _fclrf                     000000018001223a f   libucrt:fpsr.obj
 0001:0001124e       _frnd                      000000018001224e f   libucrt:fpsr.obj
 0001:00011270       _raise_exc                 0000000180012270 f   libucrt:fpexcept.obj
 0001:00011298       _raise_exc_ex              0000000180012298 f   libucrt:fpexcept.obj
 0001:000115a0       _set_errno_from_matherr    00000001800125a0 f   libucrt:fpexcept.obj
 0001:000115d0       _clrfp                     00000001800125d0 f   libucrt:fpctrl.obj
 0001:000115f0       _ctrlfp                    00000001800125f0 f   libucrt:fpctrl.obj
 0001:0001166c       _set_statfp                000000018001266c f   libucrt:fpctrl.obj
 0001:0001168c       _statfp                    000000018001268c f   libucrt:fpctrl.obj
 0001:0001169e       IsProcessorFeaturePresent  000000018001269e f   kernel32:KERNEL32.dll
 0001:000116a4       RtlUnwindEx                00000001800126a4 f   kernel32:KERNEL32.dll
 0001:000116aa       SystemFunction036          00000001800126aa f   advapi32:ADVAPI32.dll
 0001:000116b0       ?DloadAcquireSectionWriteAccess@@YAXXZ 00000001800126b0 f i DelayImp:delayhlp.obj
 0001:0001176c       ?DloadGetSRWLockFunctionPointers@@YAEXZ 000000018001276c f i DelayImp:delayhlp.obj
 0001:00011808       ?DloadMakePermanentImageCommit@@YAXPEAX_K@Z 0000000180012808 f i DelayImp:delayhlp.obj
 0001:000118a0       ?DloadObtainSection@@YAPEAXPEAK0@Z 00000001800128a0 f i DelayImp:delayhlp.obj
 0001:00011938       ?DloadProtectSection@@YAXKPEAK@Z 0000000180012938 f i DelayImp:delayhlp.obj
 0001:000119c8       ?DloadReleaseSectionWriteAccess@@YAXXZ 00000001800129c8 f i DelayImp:delayhlp.obj
 0001:00011a6c       __delayLoadHelper2         0000000180012a6c f   DelayImp:delayhlp.obj
 0001:00011d80       _FindPESection             0000000180012d80 f   LIBCMT:pesect.obj
 0001:00011dd0       _IsNonwritableInCurrentImage 0000000180012dd0 f   LIBCMT:pesect.obj
 0001:00011e20       _ValidateImageBase         0000000180012e20 f   LIBCMT:pesect.obj
 0001:00011e50       __GSHandlerCheck           0000000180012e50 f   LIBCMT:_gshandler_.obj
 0001:00011e70       __GSHandlerCheckCommon     0000000180012e70 f   LIBCMT:_gshandler_.obj
 0001:00011ee0       _alloca_probe              0000000180012ee0 f   LIBCMT:_chkstk_.obj
 0001:00011ee0       __chkstk                   0000000180012ee0 f   LIBCMT:_chkstk_.obj
 0001:00011f50       memcpy                     0000000180012f50 f   libvcruntime:memcpy.obj
 0001:00011f50       memmove                    0000000180012f50 f   libvcruntime:memcpy.obj
 0001:000123a0       memcmp                     00000001800133a0 f   libvcruntime:memcmp.obj
 0001:00012468       strrchr                    0000000180013468 f   libvcruntime:strrchr.obj
 0001:000125c0       _guard_dispatch_icall_nop  00000001800135c0 f   LIBCMT:_guard_dispatch_.obj
 0002:00000000       __imp_SystemFunction036    0000000180014000     advapi32:ADVAPI32.dll
 0002:00000008       __imp_AdjustTokenPrivileges 0000000180014008     advapi32:ADVAPI32.dll
 0002:00000010       __imp_LookupPrivilegeValueA 0000000180014010     advapi32:ADVAPI32.dll
 0002:00000018       __imp_OpenProcessToken     0000000180014018     advapi32:ADVAPI32.dll
 0002:00000020       \177ADVAPI32_NULL_THUNK_DATA 0000000180014020     advapi32:ADVAPI32.dll
 0002:00000028       __imp_OpenProcess          0000000180014028     kernel32:KERNEL32.dll
 0002:00000030       __imp_GetLastError         0000000180014030     kernel32:KERNEL32.dll
 0002:00000038       __imp_GetCurrentProcess    0000000180014038     kernel32:KERNEL32.dll
 0002:00000040       __imp_GetModuleHandleA     0000000180014040     kernel32:KERNEL32.dll
 0002:00000048       __imp_CloseHandle          0000000180014048     kernel32:KERNEL32.dll
 0002:00000050       __imp_Process32Next        0000000180014050     kernel32:KERNEL32.dll
 0002:00000058       __imp_CreateToolhelp32Snapshot 0000000180014058     kernel32:KERNEL32.dll
 0002:00000060       __imp_ReadProcessMemory    0000000180014060     kernel32:KERNEL32.dll
 0002:00000068       __imp_RtlCaptureContext    0000000180014068     kernel32:KERNEL32.dll
 0002:00000070       __imp_RtlLookupFunctionEntry 0000000180014070     kernel32:KERNEL32.dll
 0002:00000078       __imp_RtlVirtualUnwind     0000000180014078     kernel32:KERNEL32.dll
 0002:00000080       __imp_UnhandledExceptionFilter 0000000180014080     kernel32:KERNEL32.dll
 0002:00000088       __imp_SetUnhandledExceptionFilter 0000000180014088     kernel32:KERNEL32.dll
 0002:00000090       __imp_TerminateProcess     0000000180014090     kernel32:KERNEL32.dll
 0002:00000098       __imp_IsProcessorFeaturePresent 0000000180014098     kernel32:KERNEL32.dll
 0002:000000a0       __imp_IsDebuggerPresent    00000001800140a0     kernel32:KERNEL32.dll
 0002:000000a8       __imp_GetStartupInfoW      00000001800140a8     kernel32:KERNEL32.dll
 0002:000000b0       __imp_GetModuleHandleW     00000001800140b0     kernel32:KERNEL32.dll
 0002:000000b8       __imp_QueryPerformanceCounter 00000001800140b8     kernel32:KERNEL32.dll
 0002:000000c0       __imp_GetCurrentProcessId  00000001800140c0     kernel32:KERNEL32.dll
 0002:000000c8       __imp_GetCurrentThreadId   00000001800140c8     kernel32:KERNEL32.dll
 0002:000000d0       __imp_GetSystemTimeAsFileTime 00000001800140d0     kernel32:KERNEL32.dll
 0002:000000d8       __imp_InitializeSListHead  00000001800140d8     kernel32:KERNEL32.dll
 0002:000000e0       __imp_RtlUnwindEx          00000001800140e0     kernel32:KERNEL32.dll
 0002:000000e8       __imp_GetModuleFileNameW   00000001800140e8     kernel32:KERNEL32.dll
 0002:000000f0       __imp_RtlPcToFileHeader    00000001800140f0     kernel32:KERNEL32.dll
 0002:000000f8       __imp_RaiseException       00000001800140f8     kernel32:KERNEL32.dll
 0002:00000100       __imp_InterlockedFlushSList 0000000180014100     kernel32:KERNEL32.dll
 0002:00000108       __imp_SetLastError         0000000180014108     kernel32:KERNEL32.dll
 0002:00000110       __imp_EnterCriticalSection 0000000180014110     kernel32:KERNEL32.dll
 0002:00000118       __imp_LeaveCriticalSection 0000000180014118     kernel32:KERNEL32.dll
 0002:00000120       __imp_DeleteCriticalSection 0000000180014120     kernel32:KERNEL32.dll
 0002:00000128       __imp_InitializeCriticalSectionAndSpinCount 0000000180014128     kernel32:KERNEL32.dll
 0002:00000130       __imp_TlsAlloc             0000000180014130     kernel32:KERNEL32.dll
 0002:00000138       __imp_TlsGetValue          0000000180014138     kernel32:KERNEL32.dll
 0002:00000140       __imp_TlsSetValue          0000000180014140     kernel32:KERNEL32.dll
 0002:00000148       __imp_TlsFree              0000000180014148     kernel32:KERNEL32.dll
 0002:00000150       __imp_FreeLibrary          0000000180014150     kernel32:KERNEL32.dll
 0002:00000158       __imp_GetProcAddress       0000000180014158     kernel32:KERNEL32.dll
 0002:00000160       __imp_LoadLibraryExW       0000000180014160     kernel32:KERNEL32.dll
 0002:00000168       __imp_GetStdHandle         0000000180014168     kernel32:KERNEL32.dll
 0002:00000170       __imp_GetFileType          0000000180014170     kernel32:KERNEL32.dll
 0002:00000178       __imp_GetModuleHandleExW   0000000180014178     kernel32:KERNEL32.dll
 0002:00000180       __imp_WriteConsoleW        0000000180014180     kernel32:KERNEL32.dll
 0002:00000188       __imp_ExitProcess          0000000180014188     kernel32:KERNEL32.dll
 0002:00000190       __imp_MultiByteToWideChar  0000000180014190     kernel32:KERNEL32.dll
 0002:00000198       __imp_WideCharToMultiByte  0000000180014198     kernel32:KERNEL32.dll
 0002:000001a0       __imp_HeapFree             00000001800141a0     kernel32:KERNEL32.dll
 0002:000001a8       __imp_HeapAlloc            00000001800141a8     kernel32:KERNEL32.dll
 0002:000001b0       __imp_WriteFile            00000001800141b0     kernel32:KERNEL32.dll
 0002:000001b8       __imp_OutputDebugStringW   00000001800141b8     kernel32:KERNEL32.dll
 0002:000001c0       __imp_WaitForSingleObjectEx 00000001800141c0     kernel32:KERNEL32.dll
 0002:000001c8       __imp_CreateThread         00000001800141c8     kernel32:KERNEL32.dll
 0002:000001d0       __imp_GetACP               00000001800141d0     kernel32:KERNEL32.dll
 0002:000001d8       __imp_LCMapStringW         00000001800141d8     kernel32:KERNEL32.dll
 0002:000001e0       __imp_IsValidCodePage      00000001800141e0     kernel32:KERNEL32.dll
 0002:000001e8       __imp_GetOEMCP             00000001800141e8     kernel32:KERNEL32.dll
 0002:000001f0       __imp_GetCPInfo            00000001800141f0     kernel32:KERNEL32.dll
 0002:000001f8       __imp_GetEnvironmentStringsW 00000001800141f8     kernel32:KERNEL32.dll
 0002:00000200       __imp_FreeEnvironmentStringsW 0000000180014200     kernel32:KERNEL32.dll
 0002:00000208       __imp_GetProcessHeap       0000000180014208     kernel32:KERNEL32.dll
 0002:00000210       __imp_GetCommandLineA      0000000180014210     kernel32:KERNEL32.dll
 0002:00000218       __imp_GetCommandLineW      0000000180014218     kernel32:KERNEL32.dll
 0002:00000220       __imp_GetStringTypeW       0000000180014220     kernel32:KERNEL32.dll
 0002:00000228       __imp_FlushFileBuffers     0000000180014228     kernel32:KERNEL32.dll
 0002:00000230       __imp_GetConsoleCP         0000000180014230     kernel32:KERNEL32.dll
 0002:00000238       __imp_GetConsoleMode       0000000180014238     kernel32:KERNEL32.dll
 0002:00000240       __imp_HeapSize             0000000180014240     kernel32:KERNEL32.dll
 0002:00000248       __imp_HeapReAlloc          0000000180014248     kernel32:KERNEL32.dll
 0002:00000250       __imp_SetStdHandle         0000000180014250     kernel32:KERNEL32.dll
 0002:00000258       __imp_SetFilePointerEx     0000000180014258     kernel32:KERNEL32.dll
 0002:00000260       __imp_CreateFileW          0000000180014260     kernel32:KERNEL32.dll
 0002:00000268       __imp_Process32First       0000000180014268     kernel32:KERNEL32.dll
 0002:00000270       __imp_GetSystemInfo        0000000180014270     kernel32:KERNEL32.dll
 0002:00000278       __imp_VirtualProtect       0000000180014278     kernel32:KERNEL32.dll
 0002:00000280       __imp_VirtualQuery         0000000180014280     kernel32:KERNEL32.dll
 0002:00000288       __imp_LoadLibraryExA       0000000180014288     kernel32:KERNEL32.dll
 0002:00000290       \177KERNEL32_NULL_THUNK_DATA 0000000180014290     kernel32:KERNEL32.dll
 0002:00000298       __guard_check_icall_fptr   0000000180014298     LIBCMT:guard_support.obj
 0002:000002a0       __guard_dispatch_icall_fptr 00000001800142a0     LIBCMT:guard_support.obj
 0002:000002a8       __xc_a                     00000001800142a8     LIBCMT:initializers.obj
 0002:000002b8       _register_rpm_             00000001800142b8     addon.obj
 0002:000002c0       __xc_z                     00000001800142c0     LIBCMT:initializers.obj
 0002:000002c8       __xi_a                     00000001800142c8     LIBCMT:initializers.obj
 0002:000002d0       __acrt_stdio_initializer   00000001800142d0     libucrt:stdio_initializer.obj
 0002:000002d8       __acrt_multibyte_initializer 00000001800142d8     libucrt:multibyte_initializer.obj
 0002:000002e0       __acrt_tran_fma3_initializer 00000001800142e0     libucrt:fma3_initializer.obj
 0002:000002e8       __xi_z                     00000001800142e8     LIBCMT:initializers.obj
 0002:000002f0       __xp_a                     00000001800142f0     LIBCMT:initializers.obj
 0002:000002f8       __acrt_locale_terminator   00000001800142f8     libucrt:locale_initializer.obj
 0002:00000300       __dcrt_console_output_terminator 0000000180014300     libucrt:console_output_initializer.obj
 0002:00000308       __acrt_stdio_terminator    0000000180014308     libucrt:stdio_initializer.obj
 0002:00000310       __xp_z                     0000000180014310     LIBCMT:initializers.obj
 0002:00000318       __xt_a                     0000000180014318     LIBCMT:initializers.obj
 0002:00000320       __xt_z                     0000000180014320     LIBCMT:initializers.obj
 0002:00000330       __sz_node_exe              0000000180014330     node:node.exe
 0002:00000340       _pRawDllMain               0000000180014340     LIBCMT:dll_dllmain.obj
 0002:00000340       _pDefaultRawDllMain        0000000180014340     LIBCMT:dll_dllmain.obj
 0002:00000360       ??_7exception@std@@6B@     0000000180014360     LIBCMT:throw_bad_alloc.obj
 0002:00000370       ??_C@_0BC@EOODALEL@Unknown?5exception?$AA@ 0000000180014370     LIBCMT:throw_bad_alloc.obj
 0002:00000390       ??_7bad_alloc@std@@6B@     0000000180014390     LIBCMT:throw_bad_alloc.obj
 0002:000003a0       ??_C@_0P@GHFPNOJB@bad?5allocation?$AA@ 00000001800143a0     LIBCMT:throw_bad_alloc.obj
 0002:000003b8       ??_7bad_array_new_length@std@@6B@ 00000001800143b8     LIBCMT:throw_bad_alloc.obj
 0002:000003c8       ??_C@_0BF@KINCDENJ@bad?5array?5new?5length?$AA@ 00000001800143c8     LIBCMT:throw_bad_alloc.obj
 0002:000003e8       ??_7type_info@@6B@         00000001800143e8     LIBCMT:std_type_info_static.obj
 0002:000003f0       _Microsoft_CRTProvider     00000001800143f0     libvcruntime:telemetry.obj
 0002:000003f8       ??_C@_00CNPNBAHC@?$AA@     00000001800143f8     libvcruntime:telemetry.obj
 0002:000003fc       ??_C@_11LOCGONAA@?$AA?$AA@ 00000001800143fc     libvcruntime:telemetry.obj
 0002:00000400       ??_C@_0O@JEOPJOMI@Main?5Invoked?4?$AA@ 0000000180014400     libvcruntime:telemetry.obj
 0002:00000410       ??_C@_0P@NEAEIBDO@Main?5Returned?4?$AA@ 0000000180014410     libvcruntime:telemetry.obj
 0002:00000480       ??_C@_1BC@DNHGCMLG@?$AAa?$AAd?$AAv?$AAa?$AAp?$AAi?$AA3?$AA2?$AA?$AA@ 0000000180014480     libvcruntime:winapi_downlevel.obj
 0002:00000498       ??_C@_1DM@KHCHBNEB@?$AAa?$AAp?$AAi?$AA?9?$AAm?$AAs?$AA?9?$AAw?$AAi?$AAn?$AA?9?$AAc?$AAo?$AAr?$AAe?$AA?9?$AAf?$AAi?$AAb?$AAe?$AAr?$AAs?$AA?9?$AAl?$AA1?$AA?9?$AA1?$AA?9?$AA1?$AA?$AA@ 0000000180014498     libvcruntime:winapi_downlevel.obj
 0002:000004d8       ??_C@_1DK@LPPGFMPP@?$AAa?$AAp?$AAi?$AA?9?$AAm?$AAs?$AA?9?$AAw?$AAi?$AAn?$AA?9?$AAc?$AAo?$AAr?$AAe?$AA?9?$AAs?$AAy?$AAn?$AAc?$AAh?$AA?9?$AAl?$AA1?$AA?9?$AA2?$AA?9?$AA0?$AA?$AA@ 00000001800144d8     libvcruntime:winapi_downlevel.obj
 0002:00000518       ??_C@_1BC@GDMECMAK@?$AAk?$AAe?$AAr?$AAn?$AAe?$AAl?$AA3?$AA2?$AA?$AA@ 0000000180014518     libvcruntime:winapi_downlevel.obj
 0002:00000530       ??_C@_0O@BAMBGLIE@EventRegister?$AA@ 0000000180014530     libvcruntime:winapi_downlevel.obj
 0002:00000548       ??_C@_0BE@BJEEGHGK@EventSetInformation?$AA@ 0000000180014548     libvcruntime:winapi_downlevel.obj
 0002:00000560       ??_C@_0BA@FAKLIPIC@EventUnregister?$AA@ 0000000180014560     libvcruntime:winapi_downlevel.obj
 0002:00000578       ??_C@_0BD@PKLHJPHD@EventWriteTransfer?$AA@ 0000000180014578     libvcruntime:winapi_downlevel.obj
 0002:00000598       ??_C@_08KNHFBNJ@FlsAlloc?$AA@ 0000000180014598     libvcruntime:winapi_downlevel.obj
 0002:000005b0       ??_C@_07PEJMOBNF@FlsFree?$AA@ 00000001800145b0     libvcruntime:winapi_downlevel.obj
 0002:000005c0       ??_C@_0M@GDNOONDI@FlsGetValue?$AA@ 00000001800145c0     libvcruntime:winapi_downlevel.obj
 0002:000005d8       ??_C@_0M@JCPCPOEF@FlsSetValue?$AA@ 00000001800145d8     libvcruntime:winapi_downlevel.obj
 0002:000005f0       ??_C@_0BM@HCFOFFN@InitializeCriticalSectionEx?$AA@ 00000001800145f0     libvcruntime:winapi_downlevel.obj
 0002:0000060c       ??_C@_01JOAMLHOP@?9?$AA@   000000018001460c     libvcruntime:undname.obj
 0002:00000610       ??_C@_01MIFGBAGJ@?$CL?$AA@ 0000000180014610     libvcruntime:undname.obj
 0002:00000614       ??_C@_01HNPIGOCE@?$CG?$AA@ 0000000180014614     libvcruntime:undname.obj
 0002:00000618       ??_C@_03MNHNFDLC@?9?$DO?$CK?$AA@ 0000000180014618     libvcruntime:undname.obj
 0002:0000061c       ??_C@_01KMDKNFGN@?1?$AA@   000000018001461c     libvcruntime:undname.obj
 0002:00000620       ??_C@_01FGNFDNOH@?$CF?$AA@ 0000000180014620     libvcruntime:undname.obj
 0002:00000624       ??_C@_01MNNFJEPP@?$DM?$AA@ 0000000180014624     libvcruntime:undname.obj
 0002:00000628       ??_C@_02EHCHHCKH@?$DM?$DN?$AA@ 0000000180014628     libvcruntime:undname.obj
 0002:0000062c       ??_C@_01PPODPGHN@?$DO?$AA@ 000000018001462c     libvcruntime:undname.obj
 0002:00000630       ??_C@_02EEKDKGMJ@?$DO?$DN?$AA@ 0000000180014630     libvcruntime:undname.obj
 0002:00000634       ??_C@_01IHBHIGKO@?0?$AA@   0000000180014634     libvcruntime:undname.obj
 0002:00000638       ??_C@_02HCKGKOFO@?$CI?$CJ?$AA@ 0000000180014638     libvcruntime:undname.obj
 0002:0000063c       ??_C@_01PJKLJHI@?$HO?$AA@  000000018001463c     libvcruntime:undname.obj
 0002:00000640       ??_C@_01JKBOJNNK@?$FO?$AA@ 0000000180014640     libvcruntime:undname.obj
 0002:00000644       ??_C@_01DNKMNLPK@?$HM?$AA@ 0000000180014644     libvcruntime:undname.obj
 0002:00000648       ??_C@_02PPKAJPJL@?$CG?$CG?$AA@ 0000000180014648     libvcruntime:undname.obj
 0002:0000064c       ??_C@_02NONPIBCD@?$HM?$HM?$AA@ 000000018001464c     libvcruntime:undname.obj
 0002:00000650       ??_C@_02FPIMKNGF@?$CK?$DN?$AA@ 0000000180014650     libvcruntime:undname.obj
 0002:00000654       ??_C@_02FOEOMHFC@?$CL?$DN?$AA@ 0000000180014654     libvcruntime:undname.obj
 0002:00000658       ??_C@_02FKMDLLOA@?9?$DN?$AA@ 0000000180014658     libvcruntime:undname.obj
 0002:0000065c       ??_C@_02FJEHGPIO@?1?$DN?$AA@ 000000018001465c     libvcruntime:undname.obj
 0002:00000660       ??_C@_02FENAOKFI@?$CF?$DN?$AA@ 0000000180014660     libvcruntime:undname.obj
 0002:00000664       ??_C@_03IKFCCPFF@?$DO?$DO?$DN?$AA@ 0000000180014664     libvcruntime:undname.obj
 0002:00000668       ??_C@_03CDNPDDLA@?$DM?$DM?$DN?$AA@ 0000000180014668     libvcruntime:undname.obj
 0002:0000066c       ??_C@_02FGJGFEAB@?$CG?$DN?$AA@ 000000018001466c     libvcruntime:undname.obj
 0002:00000670       ??_C@_02DHLNPPGH@?$HM?$DN?$AA@ 0000000180014670     libvcruntime:undname.obj
 0002:00000674       ??_C@_02MHEGNOJ@?$FO?$DN?$AA@ 0000000180014674     libvcruntime:undname.obj
 0002:00000678       ??_C@_09IFPLHPGF@?$GAvftable?8?$AA@ 0000000180014678     libvcruntime:undname.obj
 0002:00000688       ??_C@_09BLBHBJP@?$GAvbtable?8?$AA@ 0000000180014688     libvcruntime:undname.obj
 0002:00000698       ??_C@_07FEEIOKP@?$GAvcall?8?$AA@ 0000000180014698     libvcruntime:undname.obj
 0002:000006a0       ??_C@_08LLFFHHDJ@?$GAtypeof?8?$AA@ 00000001800146a0     libvcruntime:undname.obj
 0002:000006b0       ??_C@_0BF@KDPPACIK@?$GAlocal?5static?5guard?8?$AA@ 00000001800146b0     libvcruntime:undname.obj
 0002:000006c8       ??_C@_08OBABFOLI@?$GAstring?8?$AA@ 00000001800146c8     libvcruntime:undname.obj
 0002:000006d8       ??_C@_0BD@JDLKDPAB@?$GAvbase?5destructor?8?$AA@ 00000001800146d8     libvcruntime:undname.obj
 0002:000006f0       ??_C@_0BN@DEGPLNFK@?$GAvector?5deleting?5destructor?8?$AA@ 00000001800146f0     libvcruntime:undname.obj
 0002:00000710       ??_C@_0BO@OBMKPJIG@?$GAdefault?5constructor?5closure?8?$AA@ 0000000180014710     libvcruntime:undname.obj
 0002:00000730       ??_C@_0BN@IMDCHIKM@?$GAscalar?5deleting?5destructor?8?$AA@ 0000000180014730     libvcruntime:undname.obj
 0002:00000750       ??_C@_0BO@PFGOCPJJ@?$GAvector?5constructor?5iterator?8?$AA@ 0000000180014750     libvcruntime:undname.obj
 0002:00000770       ??_C@_0BN@LFPFMEDL@?$GAvector?5destructor?5iterator?8?$AA@ 0000000180014770     libvcruntime:undname.obj
 0002:00000790       ??_C@_0CE@IKBNEHA@?$GAvector?5vbase?5constructor?5iterat@ 0000000180014790     libvcruntime:undname.obj
 0002:000007b8       ??_C@_0BL@NILFHHPC@?$GAvirtual?5displacement?5map?8?$AA@ 00000001800147b8     libvcruntime:undname.obj
 0002:000007d8       ??_C@_0CB@JONCMFFK@?$GAeh?5vector?5constructor?5iterator?8@ 00000001800147d8     libvcruntime:undname.obj
 0002:00000800       ??_C@_0CA@GCEOPDGL@?$GAeh?5vector?5destructor?5iterator?8?$AA@ 0000000180014800     libvcruntime:undname.obj
 0002:00000820       ??_C@_0CH@OOJPLCPH@?$GAeh?5vector?5vbase?5constructor?5ite@ 0000000180014820     libvcruntime:undname.obj
 0002:00000848       ??_C@_0BL@LLKPOHJI@?$GAcopy?5constructor?5closure?8?$AA@ 0000000180014848     libvcruntime:undname.obj
 0002:00000868       ??_C@_0BA@KBCDOMBN@?$GAudt?5returning?8?$AA@ 0000000180014868     libvcruntime:undname.obj
 0002:00000878       ??_C@_03KLGMFNMG@?$GAEH?$AA@ 0000000180014878     libvcruntime:undname.obj
 0002:0000087c       ??_C@_05KHLCHHI@?$GARTTI?$AA@ 000000018001487c     libvcruntime:undname.obj
 0002:00000888       ??_C@_0BA@KKLDJDLB@?$GAlocal?5vftable?8?$AA@ 0000000180014888     libvcruntime:undname.obj
 0002:00000898       ??_C@_0CE@IIHCMGGL@?$GAlocal?5vftable?5constructor?5closu@ 0000000180014898     libvcruntime:undname.obj
 0002:000008bc       ??_C@_06FHBGPFGH@?5new?$FL?$FN?$AA@ 00000001800148bc     libvcruntime:undname.obj
 0002:000008c8       ??_C@_09LBNFPBCA@?5delete?$FL?$FN?$AA@ 00000001800148c8     libvcruntime:undname.obj
 0002:000008d8       ??_C@_0P@HJKNJFNN@?$GAomni?5callsig?8?$AA@ 00000001800148d8     libvcruntime:undname.obj
 0002:000008e8       ??_C@_0BL@CNOONJFP@?$GAplacement?5delete?5closure?8?$AA@ 00000001800148e8     libvcruntime:undname.obj
 0002:00000908       ??_C@_0BN@CKNJLHMB@?$GAplacement?5delete?$FL?$FN?5closure?8?$AA@ 0000000180014908     libvcruntime:undname.obj
 0002:00000928       ??_C@_0CG@CFDHKGGD@?$GAmanaged?5vector?5constructor?5iter@ 0000000180014928     libvcruntime:undname.obj
 0002:00000950       ??_C@_0CF@IMGKMJNO@?$GAmanaged?5vector?5destructor?5itera@ 0000000180014950     libvcruntime:undname.obj
 0002:00000978       ??_C@_0CG@HLDDJMAG@?$GAeh?5vector?5copy?5constructor?5iter@ 0000000180014978     libvcruntime:undname.obj
 0002:000009a0       ??_C@_0CM@FCBBDIGB@?$GAeh?5vector?5vbase?5copy?5constructo@ 00000001800149a0     libvcruntime:undname.obj
 0002:000009d0       ??_C@_0BL@CLIPGLGB@?$GAdynamic?5initializer?5for?5?8?$AA@ 00000001800149d0     libvcruntime:undname.obj
 0002:000009f0       ??_C@_0CB@PDBIFEP@?$GAdynamic?5atexit?5destructor?5for?5?8@ 00000001800149f0     libvcruntime:undname.obj
 0002:00000a18       ??_C@_0CD@CGAJBKEJ@?$GAvector?5copy?5constructor?5iterato@ 0000000180014a18     libvcruntime:undname.obj
 0002:00000a40       ??_C@_0CJ@GJELGAMM@?$GAvector?5vbase?5copy?5constructor?5i@ 0000000180014a40     libvcruntime:undname.obj
 0002:00000a70       ??_C@_0CL@FGIJHLCE@?$GAmanaged?5vector?5copy?5constructor@ 0000000180014a70     libvcruntime:undname.obj
 0002:00000aa0       ??_C@_0BM@PMGGMLDN@?$GAlocal?5static?5thread?5guard?8?$AA@ 0000000180014aa0     libvcruntime:undname.obj
 0002:00000ac0       ??_C@_0N@BDNMDMOL@operator?5?$CC?$CC?5?$AA@ 0000000180014ac0     libvcruntime:undname.obj
 0002:00000df8       ??_C@_0BC@DAFEJGAK@?5Type?5Descriptor?8?$AA@ 0000000180014df8     libvcruntime:undname.obj
 0002:00000e10       ??_C@_0BM@LDKODKLH@?5Base?5Class?5Descriptor?5at?5?$CI?$AA@ 0000000180014e10     libvcruntime:undname.obj
 0002:00000e30       ??_C@_0BD@LGICGFMM@?5Base?5Class?5Array?8?$AA@ 0000000180014e30     libvcruntime:undname.obj
 0002:00000e48       ??_C@_0BN@MECKDCOJ@?5Class?5Hierarchy?5Descriptor?8?$AA@ 0000000180014e48     libvcruntime:undname.obj
 0002:00000e68       ??_C@_0BK@CFCOFLF@?5Complete?5Object?5Locator?8?$AA@ 0000000180014e68     libvcruntime:undname.obj
 0002:00000e88       ??_C@_08EHJDFFNH@__based?$CI?$AA@ 0000000180014e88     libvcruntime:undname.obj
 0002:00000e98       ??_C@_07KOLFKCDI@__cdecl?$AA@ 0000000180014e98     libvcruntime:undname.obj
 0002:00000ea0       ??_C@_08GHMPAG@__pascal?$AA@ 0000000180014ea0     libvcruntime:undname.obj
 0002:00000eb0       ??_C@_09IFJBGAPI@__stdcall?$AA@ 0000000180014eb0     libvcruntime:undname.obj
 0002:00000ec0       ??_C@_0L@NPHFGOKO@__thiscall?$AA@ 0000000180014ec0     libvcruntime:undname.obj
 0002:00000ed0       ??_C@_0L@JMKHOMEK@__fastcall?$AA@ 0000000180014ed0     libvcruntime:undname.obj
 0002:00000ee0       ??_C@_0N@BCKKPABJ@__vectorcall?$AA@ 0000000180014ee0     libvcruntime:undname.obj
 0002:00000ef0       ??_C@_09HIJEGCPM@__clrcall?$AA@ 0000000180014ef0     libvcruntime:undname.obj
 0002:00000efc       ??_C@_06GHPCKEAG@__eabi?$AA@ 0000000180014efc     libvcruntime:undname.obj
 0002:00000f08       ??_C@_07JOMMBBKO@__ptr64?$AA@ 0000000180014f08     libvcruntime:undname.obj
 0002:00000f10       ??_C@_0L@PILCLIHE@__restrict?$AA@ 0000000180014f10     libvcruntime:undname.obj
 0002:00000f20       ??_C@_0M@GFIIJFMG@__unaligned?$AA@ 0000000180014f20     libvcruntime:undname.obj
 0002:00000f30       ??_C@_09DHDLOLLB@restrict?$CI?$AA@ 0000000180014f30     libvcruntime:undname.obj
 0002:00000f3c       ??_C@_04NIHEBCM@?5new?$AA@ 0000000180014f3c     libvcruntime:undname.obj
 0002:00000f48       ??_C@_07FPCDHGMM@?5delete?$AA@ 0000000180014f48     libvcruntime:undname.obj
 0002:00000f50       ??_C@_01NEMOKFLO@?$DN?$AA@ 0000000180014f50     libvcruntime:undname.obj
 0002:00000f54       ??_C@_02GPIOPFAK@?$DO?$DO?$AA@ 0000000180014f54     libvcruntime:undname.obj
 0002:00000f58       ??_C@_02FODMEDOG@?$DM?$DM?$AA@ 0000000180014f58     libvcruntime:undname.obj
 0002:00000f5c       ??_C@_01DCLJPIOD@?$CB?$AA@ 0000000180014f5c     libvcruntime:undname.obj
 0002:00000f60       ??_C@_02EGOFBIJA@?$DN?$DN?$AA@ 0000000180014f60     libvcruntime:undname.obj
 0002:00000f64       ??_C@_02FDNJECIE@?$CB?$DN?$AA@ 0000000180014f64     libvcruntime:undname.obj
 0002:00000f68       ??_C@_02GPECMEKF@?$FL?$FN?$AA@ 0000000180014f68     libvcruntime:undname.obj
 0002:00000f70       ??_C@_08LHJFAFGD@operator?$AA@ 0000000180014f70     libvcruntime:undname.obj
 0002:00000f7c       ??_C@_02HBOOOICD@?9?$DO?$AA@ 0000000180014f7c     libvcruntime:undname.obj
 0002:00000f80       ??_C@_01NBENCBCI@?$CK?$AA@ 0000000180014f80     libvcruntime:undname.obj
 0002:00000f84       ??_C@_02ECNGHCIF@?$CL?$CL?$AA@ 0000000180014f84     libvcruntime:undname.obj
 0002:00000f88       ??_C@_02BAABKJLB@?9?9?$AA@ 0000000180014f88     libvcruntime:undname.obj
 0002:00000f90       ??_C@_1EK@MBDPDCGA@?$AAM?$AAi?$AAc?$AAr?$AAo?$AAs?$AAo?$AAf?$AAt?$AA?5?$AAV?$AAi?$AAs?$AAu?$AAa?$AAl?$AA?5?$AAC?$AA?$CL?$AA?$CL?$AA?5?$AAR?$AAu?$AAn?$AAt?$AAi?$AAm?$AAe?$AA?5?$AAL?$AAi?$AAb@ 0000000180014f90     libucrt:assert.obj
 0002:00000fe0       ??_C@_1FE@LHBLIKM@?$AAA?$AAs?$AAs?$AAe?$AAr?$AAt?$AAi?$AAo?$AAn?$AA?5?$AAf?$AAa?$AAi?$AAl?$AAe?$AAd?$AA?3?$AA?5?$AA?$CF?$AAT?$AAs?$AA?0?$AA?5?$AAf?$AAi?$AAl?$AAe?$AA?5?$AA?$CF?$AAT?$AAs?$AA?0@ 0000000180014fe0     libucrt:assert.obj
 0002:00001038       ??_C@_1CE@OJBNHDMO@?$AAA?$AAs?$AAs?$AAe?$AAr?$AAt?$AAi?$AAo?$AAn?$AA?5?$AAf?$AAa?$AAi?$AAl?$AAe?$AAd?$AA?$CB?$AA?$AA@ 0000000180015038     libucrt:assert.obj
 0002:00001060       ??_C@_1BE@PHKBBGE@?$AAP?$AAr?$AAo?$AAg?$AAr?$AAa?$AAm?$AA?3?$AA?5?$AA?$AA@ 0000000180015060     libucrt:assert.obj
 0002:00001078       ??_C@_1O@HEMHKNDC@?$AAF?$AAi?$AAl?$AAe?$AA?3?$AA?5?$AA?$AA@ 0000000180015078     libucrt:assert.obj
 0002:00001088       ??_C@_1O@KCAFKHJE@?$AAL?$AAi?$AAn?$AAe?$AA?3?$AA?5?$AA?$AA@ 0000000180015088     libucrt:assert.obj
 0002:00001098       ??_C@_1BK@PEDCIPMA@?$AAE?$AAx?$AAp?$AAr?$AAe?$AAs?$AAs?$AAi?$AAo?$AAn?$AA?3?$AA?5?$AA?$AA@ 0000000180015098     libucrt:assert.obj
[...]
 0004:00000c9c       $pdata$?fp_format_f_internal@@YAHQEAD_KHQEAU_strflt@@_NQEAU__crt_locale_pointers@@@Z 0000000180022c9c     libucrt:cvt.obj
 0004:00000ca8       $pdata$?fp_format_g@@YAHQEBNQEAD_K12H_NIQEAU__crt_locale_pointers@@@Z 0000000180022ca8     libucrt:cvt.obj
 0004:00000cb4       $pdata$?fp_format_nan_or_infinity@@YAHW4__acrt_fp_class@@_NPEAD_K1@Z 0000000180022cb4     libucrt:cvt.obj
 0004:00000cc0       $pdata$__acrt_fp_format    0000000180022cc0     libucrt:cvt.obj
 0004:00000ccc       $pdata$_fputwc_nolock      0000000180022ccc     libucrt:fputwc.obj
 0004:00000cd8       $pdata$_fileno             0000000180022cd8     libucrt:fileno.obj
 0004:00000ce4       $pdata$__pctype_func       0000000180022ce4     libucrt:ctype.obj
 0004:00000cf0       $pdata$iswctype            0000000180022cf0     libucrt:iswctype.obj
 0004:00000cfc       $pdata$_isctype_l          0000000180022cfc     libucrt:isctype.obj
 0004:00000d08       $pdata$_fcloseall          0000000180022d08     libucrt:closeall.obj
 0004:00000d14       $pdata$__acrt_stdio_free_buffer_nolock 0000000180022d14     libucrt:_freebuf.obj
 0004:00000d20       $pdata$??$?RV<lambda_b521505b218e5242e90febf6bfebc422>@@AEAV<lambda_6978c1fb23f02e42e1d9e99668cc68aa>@@V<lambda_314360699dd331753a4119843814e9a7>@@@?$__crt_seh_guarded_call@H@@QEAAH$$QEAV<lambda_b521505b218e5242e90febf6bfebc422>@@AEAV<lambda_6978c1fb23f02e42e1d9e99668cc68aa>@@$$QEAV<lambda_314360699dd331753a4119843814e9a7>@@@Z 0000000180022d20     libucrt:commit.obj
 0004:00000d2c       $pdata$_commit             0000000180022d2c     libucrt:commit.obj
 0004:00000d38       $pdata$?write_double_translated_ansi_nolock@@YA?AUwrite_result@?A0x9c548279@@HQEBDI@Z 0000000180022d38     libucrt:write.obj
 0004:00000d44       $pdata$?write_text_ansi_nolock@@YA?AUwrite_result@?A0x9c548279@@HQEBDI@Z 0000000180022d44     libucrt:write.obj
 0004:00000d50       $pdata$?write_text_utf16le_nolock@@YA?AUwrite_result@?A0x9c548279@@HQEBDI@Z 0000000180022d50     libucrt:write.obj
 0004:00000d5c       $pdata$?write_text_utf8_nolock@@YA?AUwrite_result@?A0x9c548279@@HQEBDI@Z 0000000180022d5c     libucrt:write.obj
 0004:00000d68       $pdata$_write              0000000180022d68     libucrt:write.obj
 0004:00000d74       $pdata$_write_nolock       0000000180022d74     libucrt:write.obj
 0004:00000d80       $pdata$_isleadbyte_l       0000000180022d80     libucrt:_wctype.obj
 0004:00000d8c       $pdata$?__acrt_LCMapStringA_stat@@YAHPEAU__crt_locale_pointers@@PEB_WKPEBDHPEADHHH@Z 0000000180022d8c     libucrt:lcmapstringa.obj
 0004:00000d98       $pdata$__acrt_LCMapStringA 0000000180022d98     libucrt:lcmapstringa.obj
 0004:00000da4       $pdata$__acrt_free_locale  0000000180022da4     libucrt:locale_refcounting.obj
 0004:00000db0       $pdata$__acrt_locale_free_lc_time_if_unreferenced 0000000180022db0     libucrt:locale_refcounting.obj
 0004:00000dbc       $pdata$__acrt_release_locale_ref 0000000180022dbc     libucrt:locale_refcounting.obj
 0004:00000dc8       $pdata$__acrt_update_thread_locale_data 0000000180022dc8     libucrt:locale_refcounting.obj
 0004:00000dd4       $pdata$_updatetlocinfoEx_nolock 0000000180022dd4     libucrt:locale_refcounting.obj
 0004:00000de0       $pdata$__acrt_locale_free_monetary 0000000180022de0     libucrt:initmon.obj
 0004:00000dec       $pdata$__acrt_locale_free_numeric 0000000180022dec     libucrt:initnum.obj
 0004:00000df8       $pdata$?free_crt_array_internal@@YAXQEAPEBX_K@Z 0000000180022df8     libucrt:inittime.obj
 0004:00000e04       $pdata$__acrt_locale_free_time 0000000180022e04     libucrt:inittime.obj
 0004:00000e10       $pdata$__acrt_GetStringTypeA 0000000180022e10     libucrt:getstringtypea.obj
 0004:00000e1c       $pdata$?GetTableIndexFromLocaleName@@YAHPEB_W@Z 0000000180022e1c     libucrt:lcidtoname_downlevel.obj
 0004:00000e28       $pdata$__acrt_DownlevelLocaleNameToLCID 0000000180022e28     libucrt:lcidtoname_downlevel.obj
 0004:00000e34       $pdata$?initialize_multibyte@@YAHXZ 0000000180022e34     libucrt:multibyte_initializer.obj
 0004:00000e40       $pdata$_msize              0000000180022e40     libucrt:msize.obj
 0004:00000e4c       $pdata$_realloc_base       0000000180022e4c     libucrt:realloc_base.obj
 0004:00000e58       $pdata$__acrt_lowio_create_handle_array 0000000180022e58     libucrt:osfinfo.obj
 0004:00000e64       $pdata$__acrt_lowio_destroy_handle_array 0000000180022e64     libucrt:osfinfo.obj
 0004:00000e70       $pdata$__acrt_lowio_ensure_fh_exists 0000000180022e70     libucrt:osfinfo.obj
 0004:00000e7c       $pdata$_free_osfhnd        0000000180022e7c     libucrt:osfinfo.obj
 0004:00000e88       $pdata$_get_osfhandle      0000000180022e88     libucrt:osfinfo.obj
 0004:00000e94       $pdata$_isatty             0000000180022e94     libucrt:isatty.obj
 0004:00000ea0       $pdata$__acrt_fp_strflt_to_string 0000000180022ea0     libucrt:_fptostr.obj
 0004:00000eac       $pdata$?divide@__crt_strtox@@YA_KAEAUbig_integer@1@AEBU21@@Z 0000000180022eac     libucrt:cfout.obj
 0004:00000eb8       $pdata$5$?divide@__crt_strtox@@YA_KAEAUbig_integer@1@AEBU21@@Z 0000000180022eb8     libucrt:cfout.obj
 0004:00000ec4       $pdata$6$?divide@__crt_strtox@@YA_KAEAUbig_integer@1@AEBU21@@Z 0000000180022ec4     libucrt:cfout.obj
 0004:00000ed0       $pdata$__acrt_fltout       0000000180022ed0     libucrt:cfout.obj
 0004:00000edc       $pdata$memcpy_s            0000000180022edc     libucrt:cfout.obj
 0004:00000ee8       $pdata$??$write_buffer_nolock@D@@YA_NDV__crt_stdio_stream@@@Z 0000000180022ee8     libucrt:_flsbuf.obj
 0004:00000ef4       $pdata$??$write_buffer_nolock@_W@@YA_N_WV__crt_stdio_stream@@@Z 0000000180022ef4     libucrt:_flsbuf.obj
 0004:00000f00       $pdata$__acrt_stdio_flush_and_write_narrow_nolock 0000000180022f00     libucrt:_flsbuf.obj
 0004:00000f0c       $pdata$__acrt_stdio_flush_and_write_wide_nolock 0000000180022f0c     libucrt:_flsbuf.obj
 0004:00000f18       $pdata$_fclose_nolock      0000000180022f18     libucrt:fclose.obj
 0004:00000f24       $pdata$fclose              0000000180022f24     libucrt:fclose.obj
 0004:00000f30       $pdata$??$common_lseek@_J@@YA_JH_JH@Z 0000000180022f30     libucrt:lseek.obj
 0004:00000f3c       $pdata$??$common_lseek_nolock@_J@@YA_JH_JH@Z 0000000180022f3c     libucrt:lseek.obj
 0004:00000f48       $pdata$_putwch_nolock      0000000180022f48     libucrt:putwch.obj
 0004:00000f54       $pdata$fegetenv            0000000180022f54     libucrt:fegetenv.obj
 0004:00000f60       $pdata$fesetenv            0000000180022f60     libucrt:fesetenv.obj
 0004:00000f6c       $pdata$feholdexcept        0000000180022f6c     libucrt:feholdexcept.obj
 0004:00000f84       $pdata$__acrt_stdio_allocate_buffer_nolock 0000000180022f84     libucrt:_getbuf.obj
 0004:00000f90       $pdata$??$?RV<lambda_bfedae4ebbf01fab1bb6dcc6a9e276e0>@@AEAV<lambda_2fe9b910cf3cbf4a0ab98a02ba45b3ec>@@V<lambda_237c231691f317818eb88cc1d5d642d6>@@@?$__crt_seh_guarded_call@H@@QEAAH$$QEAV<lambda_bfedae4ebbf01fab1bb6dcc6a9e276e0>@@AEAV<lambda_2fe9b910cf3cbf4a0ab98a02ba45b3ec>@@$$QEAV<lambda_237c231691f317818eb88cc1d5d642d6>@@@Z 0000000180022f90     libucrt:close.obj
 0004:00000f9c       $pdata$_close              0000000180022f9c     libucrt:close.obj
 0004:00000fa8       $pdata$_close_nolock       0000000180022fa8     libucrt:close.obj
 0004:00000fb4       $pdata$__dcrt_lowio_initialize_console_output 0000000180022fb4     libucrt:initcon.obj
 0004:00000fc0       $pdata$__dcrt_terminate_console_output 0000000180022fc0     libucrt:initcon.obj
 0004:00000fcc       $pdata$_getfpcontrolword   0000000180022fcc     libucrt:_fenvutils.obj
 0004:00000fd8       $pdata$_getfpstatusword    0000000180022fd8     libucrt:_fenvutils.obj
 0004:00000fe4       $pdata$_setfpstatusword    0000000180022fe4     libucrt:_fenvutils.obj
 0004:00000ff0       $pdata$_clearfp            0000000180022ff0     libucrt:ieee.obj
 0004:00000ffc       $pdata$common_control87    0000000180022ffc     libucrt:ieee.obj
 0004:00001008       $pdata$_call_matherr       0000000180023008     libucrt:libm_error.obj
 0004:00001014       $pdata$_exception_enabled  0000000180023014     libucrt:libm_error.obj
 0004:00001020       $pdata$_handle_error       0000000180023020     libucrt:libm_error.obj
 0004:0000102c       $pdata$__acrt_initialize_fma3 000000018002302c     libucrt:fma3_available.obj
 0004:00001038       $pdata$_log10_special      0000000180023038     libucrt:log_special.obj
 0004:00001044       $pdata$_log_special_common 0000000180023044     libucrt:log_special.obj
 0004:0000105c       $pdata$_raise_exc          000000018002305c     libucrt:fpexcept.obj
 0004:00001068       $pdata$_raise_exc_ex       0000000180023068     libucrt:fpexcept.obj
 0004:00001074       $pdata$_set_errno_from_matherr 0000000180023074     libucrt:fpexcept.obj
 0004:00001080       $pdata$_clrfp              0000000180023080     libucrt:fpctrl.obj
 0004:0000108c       $pdata$_ctrlfp             000000018002308c     libucrt:fpctrl.obj
 0004:00001098       $pdata$_set_statfp         0000000180023098     libucrt:fpctrl.obj
 0004:000010a4       $pdata$_statfp             00000001800230a4     libucrt:fpctrl.obj
 0004:000010b0       $pdata$?DloadAcquireSectionWriteAccess@@YAXXZ 00000001800230b0     DelayImp:delayhlp.obj
 0004:000010bc       $pdata$?DloadGetSRWLockFunctionPointers@@YAEXZ 00000001800230bc     DelayImp:delayhlp.obj
 0004:000010c8       $pdata$?DloadMakePermanentImageCommit@@YAXPEAX_K@Z 00000001800230c8     DelayImp:delayhlp.obj
 0004:000010d4       $pdata$?DloadObtainSection@@YAPEAXPEAK0@Z 00000001800230d4     DelayImp:delayhlp.obj
 0004:000010e0       $pdata$?DloadProtectSection@@YAXKPEAK@Z 00000001800230e0     DelayImp:delayhlp.obj
 0004:000010ec       $pdata$?DloadReleaseSectionWriteAccess@@YAXXZ 00000001800230ec     DelayImp:delayhlp.obj
 0004:000010f8       $pdata$__delayLoadHelper2  00000001800230f8     DelayImp:delayhlp.obj
 0004:00001104       $pdata$_IsNonwritableInCurrentImage 0000000180023104     LIBCMT:pesect.obj
 0004:00001110       $pdata$__GSHandlerCheck    0000000180023110     LIBCMT:_gshandler_.obj
 0004:0000111c       $pdata$__GSHandlerCheckCommon 000000018002311c     LIBCMT:_gshandler_.obj
 0004:0000114c       $pdata$strrchr             000000018002314c     libvcruntime:strrchr.obj
 0004:00001164       $pdata$__scrt_is_nonwritable_in_current_image$filt$0 0000000180023164     LIBCMT:utility.obj
 0004:00001170       $pdata$?fin$0@?0??dllmain_crt_process_attach@@YAHQEAUHINSTANCE__@@QEAX@Z@4HA 0000000180023170     LIBCMT:dll_dllmain.obj
 0004:0000117c       $pdata$?fin$0@?0??dllmain_crt_process_detach@@YAH_N@Z@4HA 000000018002317c     LIBCMT:dll_dllmain.obj
 0004:00001188       $pdata$?filt$0@?0??dllmain_dispatch@@YAHQEAUHINSTANCE__@@KQEAX@Z@4HA 0000000180023188     LIBCMT:dll_dllmain.obj
 0004:00001194       $pdata$_query_new_handler$fin$0 0000000180023194     libucrt:new_handler.obj
 0004:000011a0       $pdata$?filt$0@?0??common_exit@@YAXHW4_crt_exit_cleanup_mode@@W4_crt_exit_return_mode@@@Z@4HA 00000001800231a0     libucrt:exit.obj
 0004:000011ac       $pdata$?fin$1@?0??common_exit@@YAXHW4_crt_exit_cleanup_mode@@W4_crt_exit_return_mode@@@Z@4HA 00000001800231ac     libucrt:exit.obj
 0004:000011b8       $pdata$?fin$0@?0???$?RV<lambda_e24bbb7b643b32fcea6fa61b31d4c984>@@AEAV<lambda_275893d493268fdec8709772e3fcec0e>@@V<lambda_9d71df4d7cf3f480f8d633942495c3b0>@@@?$__crt_seh_guarded_call@H@@QEAAH$$QEAV<lambda_e24bbb7b643b32fcea6fa61b31d4c984>@@AEAV<lambda_275893d493268fdec8709772e3fcec0e>@@$$QEAV<lambda_9d71df4d7cf3f480f8d633942495c3b0>@@@Z@4HA 00000001800231b8     libucrt:onexit.obj
 0004:000011c4       $pdata$common_flush_all$fin$0 00000001800231c4     libucrt:fflush.obj
 0004:000011d0       $pdata$common_flush_all$fin$1 00000001800231d0     libucrt:fflush.obj
 0004:000011dc       $pdata$fclose$fin$0        00000001800231dc     libucrt:fclose.obj
 0004:000011dc       $pdata$fflush$fin$0        00000001800231dc     libucrt:fflush.obj
 0004:000011e8       $pdata$?fin$0@?0???$?RV<lambda_7b91131dde12e1c3dfc74ff76b3f2eac>@@AEAV<lambda_dd75445284c072d0bd3768540cc698fa>@@V<lambda_16bc4ecb55b4718497c16bceaea2ceaf>@@@?$__crt_seh_guarded_call@H@@QEAAH$$QEAV<lambda_7b91131dde12e1c3dfc74ff76b3f2eac>@@AEAV<lambda_dd75445284c072d0bd3768540cc698fa>@@$$QEAV<lambda_16bc4ecb55b4718497c16bceaea2ceaf>@@@Z@4HA 00000001800231e8     libucrt:output.obj
 0004:000011e8       $pdata$?fin$0@?0???$?RV<lambda_7a5ef57ff966f610505f1d28a3d40618>@@AEAV<lambda_b721fa326cdb32351d23dfa67958c160>@@V<lambda_5e0fb27672408a07956fe59e48ccb2aa>@@@?$__crt_seh_guarded_call@H@@QEAAH$$QEAV<lambda_7a5ef57ff966f610505f1d28a3d40618>@@AEAV<lambda_b721fa326cdb32351d23dfa67958c160>@@$$QEAV<lambda_5e0fb27672408a07956fe59e48ccb2aa>@@@Z@4HA 00000001800231e8     libucrt:setvbuf.obj
 0004:000011f4       $pdata$raise$fin$0         00000001800231f4     libucrt:signal.obj
 0004:00001200       $pdata$?fin$0@?0???$?RV<lambda_b8c45f8f788dd370798f47cfe8ac3a86>@@AEAV<lambda_4e60a939b0d047cfe11ddc22648dfba9>@@V<lambda_332c3edc96d0294ec56c57d38c1cdfd5>@@@?$__crt_seh_guarded_call@H@@QEAAH$$QEAV<lambda_b8c45f8f788dd370798f47cfe8ac3a86>@@AEAV<lambda_4e60a939b0d047cfe11ddc22648dfba9>@@$$QEAV<lambda_332c3edc96d0294ec56c57d38c1cdfd5>@@@Z@4HA 0000000180023200     libucrt:onexit.obj
 0004:00001200       $pdata$?fin$0@?0???$?RV<lambda_fb3a7dec4e47f37f22dae91bb15c9095>@@AEAV<lambda_698284760c8add0bfb0756c19673e34b>@@V<lambda_dfb8eca1e75fef3034a8fb18dd509707>@@@?$__crt_seh_guarded_call@X@@QEAAX$$QEAV<lambda_fb3a7dec4e47f37f22dae91bb15c9095>@@AEAV<lambda_698284760c8add0bfb0756c19673e34b>@@$$QEAV<lambda_dfb8eca1e75fef3034a8fb18dd509707>@@@Z@4HA 0000000180023200     libucrt:per_thread_data.obj
 0004:00001200       $pdata$?fin$0@?0???$?RV<lambda_c36588078e9f5dfd39652860aa6b3aaf>@@AEAV<lambda_ec61778202f4f5fc7e7711acc23c3bca>@@V<lambda_dc9d2797ccde5d239b4a0efae8ebd7db>@@@?$__crt_seh_guarded_call@P6AXH@Z@@QEAAP6AXH@Z$$QEAV<lambda_c36588078e9f5dfd39652860aa6b3aaf>@@AEAV<lambda_ec61778202f4f5fc7e7711acc23c3bca>@@$$QEAV<lambda_dc9d2797ccde5d239b4a0efae8ebd7db>@@@Z@4HA 0000000180023200     libucrt:signal.obj
 0004:00001200       $pdata$?fin$0@?0???$?RV<lambda_72d1df2b273a38828b1ce30cbf4cdab5>@@AEAV<lambda_876a65b173b8412d3a47c70a915b0cf4>@@V<lambda_41932305e351933ebe8f8be3ed8bb5dc>@@@?$__crt_seh_guarded_call@X@@QEAAX$$QEAV<lambda_72d1df2b273a38828b1ce30cbf4cdab5>@@AEAV<lambda_876a65b173b8412d3a47c70a915b0cf4>@@$$QEAV<lambda_41932305e351933ebe8f8be3ed8bb5dc>@@@Z@4HA 0000000180023200     libucrt:per_thread_data.obj
 0004:00001200       $pdata$?fin$0@?0???$?RV<lambda_99476a1ad63dd22509b5d3e65b0ffc95>@@AEAV<lambda_ad1ced32f4ac17aa236e5ef05d6b3b7c>@@V<lambda_f7424dd8d45958661754dc4f2697e9c3>@@@?$__crt_seh_guarded_call@X@@QEAAX$$QEAV<lambda_99476a1ad63dd22509b5d3e65b0ffc95>@@AEAV<lambda_ad1ced32f4ac17aa236e5ef05d6b3b7c>@@$$QEAV<lambda_f7424dd8d45958661754dc4f2697e9c3>@@@Z@4HA 0000000180023200     libucrt:mbctype.obj
 0004:00001200       $pdata$?fin$0@?0???$?RV<lambda_5e887d1dcbef67a5eb4283622ba103bf>@@AEAV<lambda_4466841279450cc726390878d4a41900>@@V<lambda_341c25c0346d94847f1f3c463c57e077>@@@?$__crt_seh_guarded_call@X@@QEAAX$$QEAV<lambda_5e887d1dcbef67a5eb4283622ba103bf>@@AEAV<lambda_4466841279450cc726390878d4a41900>@@$$QEAV<lambda_341c25c0346d94847f1f3c463c57e077>@@@Z@4HA 0000000180023200     libucrt:per_thread_data.obj
 0004:00001200       $pdata$?fin$0@?0???$?RV<lambda_46352004c1216016012b18bd6f87e700>@@AEAV<lambda_3bd07e1a1191394380780325891bf33f>@@V<lambda_334532d3f185bcaa59b5be82d7d22bff>@@@?$__crt_seh_guarded_call@X@@QEAAX$$QEAV<lambda_46352004c1216016012b18bd6f87e700>@@AEAV<lambda_3bd07e1a1191394380780325891bf33f>@@$$QEAV<lambda_334532d3f185bcaa59b5be82d7d22bff>@@@Z@4HA 0000000180023200     libucrt:per_thread_data.obj
 0004:0000120c       $pdata$__acrt_update_thread_multibyte_data$fin$0 000000018002320c     libucrt:mbctype.obj
 0004:00001218       $pdata$__acrt_initialize_lowio$fin$0 0000000180023218     libucrt:ioinit.obj
 0004:00001218       $pdata$__acrt_lowio_ensure_fh_exists$fin$0 0000000180023218     libucrt:osfinfo.obj
 0004:00001224       $pdata$_fcloseall$fin$0    0000000180023224     libucrt:closeall.obj
 0004:00001230       $pdata$?fin$0@?0???$?RV<lambda_b521505b218e5242e90febf6bfebc422>@@AEAV<lambda_6978c1fb23f02e42e1d9e99668cc68aa>@@V<lambda_314360699dd331753a4119843814e9a7>@@@?$__crt_seh_guarded_call@H@@QEAAH$$QEAV<lambda_b521505b218e5242e90febf6bfebc422>@@AEAV<lambda_6978c1fb23f02e42e1d9e99668cc68aa>@@$$QEAV<lambda_314360699dd331753a4119843814e9a7>@@@Z@4HA 0000000180023230     libucrt:commit.obj
 0004:00001230       $pdata$?fin$0@?0???$?RV<lambda_bfedae4ebbf01fab1bb6dcc6a9e276e0>@@AEAV<lambda_2fe9b910cf3cbf4a0ab98a02ba45b3ec>@@V<lambda_237c231691f317818eb88cc1d5d642d6>@@@?$__crt_seh_guarded_call@H@@QEAAH$$QEAV<lambda_bfedae4ebbf01fab1bb6dcc6a9e276e0>@@AEAV<lambda_2fe9b910cf3cbf4a0ab98a02ba45b3ec>@@$$QEAV<lambda_237c231691f317818eb88cc1d5d642d6>@@@Z@4HA 0000000180023230     libucrt:close.obj
 0004:0000123c       $pdata$_write$fin$0        000000018002323c     libucrt:write.obj
 0004:0000123c       $pdata$?fin$0@?0???$common_lseek@_J@@YA_JH_JH@Z@4HA 000000018002323c     libucrt:lseek.obj
 0004:00001248       $pdata$__acrt_update_thread_locale_data$fin$0 0000000180023248     libucrt:locale_refcounting.obj
 0004:00001248       $pdata$__acrt_uninitialize_locale$fin$0 0000000180023248     libucrt:wsetlocale.obj
 0004:00001254       $pdata$common_control87$filt$0 0000000180023254     libucrt:ieee.obj
 0004:00001254       $pdata$_ctrlfp$filt$0      0000000180023254     libucrt:fpctrl.obj
 0004:00001260       $pdata$_IsNonwritableInCurrentImage$filt$0 0000000180023260     LIBCMT:pesect.obj
 0005:00000000       __guard_fids__             0000000180024000     libucrt:initialization.obj
 0005:00000060       __guard_fids___acrt_show_wide_message_box 0000000180024060     libucrt:crtmbox.obj
 0005:00000064       __guard_fids___acrt_initialize_ptd 0000000180024064     libucrt:per_thread_data.obj
 0005:00000068       __guard_fids__             0000000180024068     libucrt:stdio_initializer.obj
 0005:0000006c       __guard_fids__             000000018002406c     libucrt:stdio_initializer.obj
 0005:00000070       __guard_fids__             0000000180024070     libucrt:locale_initializer.obj
 0005:00000074       __guard_fids__             0000000180024074     libucrt:multibyte_initializer.obj
 0005:00000078       __guard_fids__             0000000180024078     libucrt:console_output_initializer.obj
 0005:0000007c       __guard_fids__             000000018002407c     libucrt:fma3_initializer.obj
 0005:00000080       __guard_fids_?dllmain_crt_process_attach@@YAHQEAUHINSTANCE__@@QEAX@Z 0000000180024080     LIBCMT:dll_dllmain.obj
 0005:00000088       __guard_fids_?dllmain_dispatch@@YAHQEAUHINSTANCE__@@KQEAX@Z 0000000180024088     LIBCMT:dll_dllmain.obj
 0005:0000008c       __guard_fids__             000000018002408c     LIBCMT:throw_bad_alloc.obj
 0005:00000094       __guard_fids__             0000000180024094     LIBCMT:throw_bad_alloc.obj
 0005:0000009c       __guard_fids__             000000018002409c     LIBCMT:throw_bad_alloc.obj
 0005:000000a4       __guard_fids__             00000001800240a4     LIBCMT:std_type_info_static.obj
 0005:000000a8       __guard_fids__             00000001800240a8     LIBCMT:guard_support.obj
 0005:000000ac       __guard_fids__             00000001800240ac     libvcruntime:telemetry.obj
 0005:000000b0       __guard_fids_?TraceLoggingRegister@__vcrt_trace_logging_provider@@YAJPEBU_TlgProvider_t@1@PEBU_GUID@@P6AX1KE_K2PEAU_EVENT_FILTER_DESCRIPTOR@@PEAX@Z4@Z 00000001800240b0     libvcruntime:telemetry.obj
 0005:000000b4       __guard_fids___vcrt_initialize_ptd 00000001800240b4     libvcruntime:per_thread_data.obj
 0006:00000060       $R000000                   0000000180025060     * linker generated manifest res *

 Exports

  ordinal    name

        1    _register_rpm_
